Component: Arm Compiler for Embedded 6.24 Tool: armlink [5f371500]

==============================================================================

Section Cross References

    startup_stm32h503xx.o(STACK) refers (Special) to heapauxi.o(.text) for __use_two_region_memory
    startup_stm32h503xx.o(HEAP) refers (Special) to heapauxi.o(.text) for __use_two_region_memory
    startup_stm32h503xx.o(RESET) refers (Special) to heapauxi.o(.text) for __use_two_region_memory
    startup_stm32h503xx.o(RESET) refers to startup_stm32h503xx.o(STACK) for __initial_sp
    startup_stm32h503xx.o(RESET) refers to startup_stm32h503xx.o(.text) for Reset_Handler
    startup_stm32h503xx.o(RESET) refers to stm32h5xx_it.o(.text.NMI_Handler) for NMI_Handler
    startup_stm32h503xx.o(RESET) refers to stm32h5xx_it.o(.text.HardFault_Handler) for HardFault_Handler
    startup_stm32h503xx.o(RESET) refers to stm32h5xx_it.o(.text.MemManage_Handler) for MemManage_Handler
    startup_stm32h503xx.o(RESET) refers to stm32h5xx_it.o(.text.BusFault_Handler) for BusFault_Handler
    startup_stm32h503xx.o(RESET) refers to stm32h5xx_it.o(.text.UsageFault_Handler) for UsageFault_Handler
    startup_stm32h503xx.o(RESET) refers to stm32h5xx_it.o(.text.SVC_Handler) for SVC_Handler
    startup_stm32h503xx.o(RESET) refers to stm32h5xx_it.o(.text.DebugMon_Handler) for DebugMon_Handler
    startup_stm32h503xx.o(RESET) refers to stm32h5xx_it.o(.text.PendSV_Handler) for PendSV_Handler
    startup_stm32h503xx.o(RESET) refers to stm32h5xx_it.o(.text.SysTick_Handler) for SysTick_Handler
    startup_stm32h503xx.o(RESET) refers to stm32h5xx_it.o(.text.GPDMA1_Channel0_IRQHandler) for GPDMA1_Channel0_IRQHandler
    startup_stm32h503xx.o(RESET) refers to stm32h5xx_it.o(.text.GPDMA1_Channel1_IRQHandler) for GPDMA1_Channel1_IRQHandler
    startup_stm32h503xx.o(.text) refers (Special) to heapauxi.o(.text) for __use_two_region_memory
    startup_stm32h503xx.o(.text) refers to startup_stm32h503xx.o(STACK) for Stack_Mem
    startup_stm32h503xx.o(.text) refers to system_stm32h5xx.o(.text.SystemInit) for SystemInit
    startup_stm32h503xx.o(.text) refers to __main.o(!!!main) for __main
    main.o(.text.main) refers to stm32h5xx_hal_cortex.o(.text.HAL_MPU_Disable) for HAL_MPU_Disable
    main.o(.text.main) refers to stm32h5xx_hal_cortex.o(.text.HAL_MPU_ConfigRegion) for HAL_MPU_ConfigRegion
    main.o(.text.main) refers to stm32h5xx_hal_cortex.o(.text.HAL_MPU_ConfigMemoryAttributes) for HAL_MPU_ConfigMemoryAttributes
    main.o(.text.main) refers to stm32h5xx_hal_cortex.o(.text.HAL_MPU_Enable) for HAL_MPU_Enable
    main.o(.text.main) refers to stm32h5xx_hal.o(.text.HAL_Init) for HAL_Init
    main.o(.text.main) refers to main.o(.text.SystemClock_Config) for SystemClock_Config
    main.o(.text.main) refers to gpio.o(.text.MX_GPIO_Init) for MX_GPIO_Init
    main.o(.text.main) refers to gpdma.o(.text.MX_GPDMA1_Init) for MX_GPDMA1_Init
    main.o(.text.main) refers to icache.o(.text.MX_ICACHE_Init) for MX_ICACHE_Init
    main.o(.text.main) refers to i2c.o(.text.MX_I2C2_Init) for MX_I2C2_Init
    main.o(.text.main) refers to spi.o(.text.MX_SPI1_Init) for MX_SPI1_Init
    main.o(.text.main) refers to opamp.o(.text.MX_OPAMP1_Init) for MX_OPAMP1_Init
    main.o(.text.main) refers to adc.o(.text.MX_ADC1_Init) for MX_ADC1_Init
    main.o(.text.main) refers to tim.o(.text.MX_TIM2_Init) for MX_TIM2_Init
    main.o(.text.main) refers to oled.o(.text.OLED_Init) for OLED_Init
    main.o(.text.main) refers to oled.o(.text.OLED_Clear) for OLED_Clear
    main.o(.text.main) refers to ad9833.o(.text.AD9833_Init) for AD9833_Init
    main.o(.text.main) refers to ad9833.o(.text.AD9833_SetFrequency) for AD9833_SetFrequency
    main.o(.text.main) refers to oled.o(.text.OLED_ShowString) for OLED_ShowString
    main.o(.text.main) refers to oled.o(.text.OLED_Printf) for OLED_Printf
    main.o(.text.main) refers to oled.o(.text.OLED_DisplayFast) for OLED_DisplayFast
    main.o(.ARM.exidx.text.main) refers to main.o(.text.main) for [Anonymous Symbol]
    main.o(.text.SystemClock_Config) refers to rt_memclr_w.o(.text) for __aeabi_memclr4
    main.o(.text.SystemClock_Config) refers to stm32h5xx_hal_rcc.o(.text.HAL_RCC_OscConfig) for HAL_RCC_OscConfig
    main.o(.text.SystemClock_Config) refers to stm32h5xx_hal_rcc.o(.text.HAL_RCC_ClockConfig) for HAL_RCC_ClockConfig
    main.o(.ARM.exidx.text.SystemClock_Config) refers to main.o(.text.SystemClock_Config) for [Anonymous Symbol]
    main.o(.ARM.exidx.text.Error_Handler) refers to main.o(.text.Error_Handler) for [Anonymous Symbol]
    gpio.o(.text.MX_GPIO_Init) refers to stm32h5xx_hal_gpio.o(.text.HAL_GPIO_WritePin) for HAL_GPIO_WritePin
    gpio.o(.text.MX_GPIO_Init) refers to stm32h5xx_hal_gpio.o(.text.HAL_GPIO_Init) for HAL_GPIO_Init
    gpio.o(.ARM.exidx.text.MX_GPIO_Init) refers to gpio.o(.text.MX_GPIO_Init) for [Anonymous Symbol]
    adc.o(.text.MX_ADC1_Init) refers to adc.o(.bss.hadc1) for hadc1
[...]
    [Anonymous Symbol]                       0x080032f8   Section        0  stm32h5xx_hal_cortex.o(.text.HAL_MPU_Disable)
    [Anonymous Symbol]                       0x08003320   Section        0  stm32h5xx_hal_cortex.o(.text.HAL_MPU_Enable)
    [Anonymous Symbol]                       0x08003344   Section        0  stm32h5xx_hal_msp.o(.text.HAL_MspInit)
    [Anonymous Symbol]                       0x08003348   Section        0  stm32h5xx_hal_cortex.o(.text.HAL_NVIC_EnableIRQ)
    [Anonymous Symbol]                       0x0800336c   Section        0  stm32h5xx_hal_cortex.o(.text.HAL_NVIC_SetPriority)
    [Anonymous Symbol]                       0x080033c4   Section        0  stm32h5xx_hal_cortex.o(.text.HAL_NVIC_SetPriorityGrouping)
    [Anonymous Symbol]                       0x080033e4   Section        0  stm32h5xx_hal_opamp.o(.text.HAL_OPAMP_Init)
    [Anonymous Symbol]                       0x080034fc   Section        0  opamp.o(.text.HAL_OPAMP_MspInit)
    [Anonymous Symbol]                       0x08003568   Section        0  stm32h5xx_hal_rcc_ex.o(.text.HAL_RCCEx_PeriphCLKConfig)
    [Anonymous Symbol]                       0x08003c0c   Section        0  stm32h5xx_hal_rcc.o(.text.HAL_RCC_ClockConfig)
    [Anonymous Symbol]                       0x08003e6c   Section        0  stm32h5xx_hal_rcc.o(.text.HAL_RCC_GetSysClockFreq)
    [Anonymous Symbol]                       0x08003f98   Section        0  stm32h5xx_hal_rcc.o(.text.HAL_RCC_OscConfig)
    [Anonymous Symbol]                       0x080045dc   Section        0  stm32h5xx_hal_spi.o(.text.HAL_SPI_Init)
    [Anonymous Symbol]                       0x08004788   Section        0  spi.o(.text.HAL_SPI_MspInit)
    [Anonymous Symbol]                       0x08004874   Section        0  stm32h5xx_hal_spi.o(.text.HAL_SPI_Transmit)
    [Anonymous Symbol]                       0x08004b38   Section        0  stm32h5xx_hal_cortex.o(.text.HAL_SYSTICK_CLKSourceConfig)
    [Anonymous Symbol]                       0x08004bb0   Section        0  stm32h5xx_hal_cortex.o(.text.HAL_SYSTICK_Config)
    [Anonymous Symbol]                       0x08004bd4   Section        0  stm32h5xx_hal_cortex.o(.text.HAL_SYSTICK_GetCLKSourceConfig)
    [Anonymous Symbol]                       0x08004c0c   Section        0  stm32h5xx_hal_tim_ex.o(.text.HAL_TIMEx_MasterConfigSynchronization)
    [Anonymous Symbol]                       0x08004c84   Section        0  stm32h5xx_hal_tim.o(.text.HAL_TIM_Base_Init)
    [Anonymous Symbol]                       0x08004d5c   Section        0  tim.o(.text.HAL_TIM_Base_MspInit)
    [Anonymous Symbol]                       0x08004d88   Section        0  stm32h5xx_hal_tim.o(.text.HAL_TIM_ConfigClockSource)
    [Anonymous Symbol]                       0x08004fb8   Section        0  stm32h5xx_it.o(.text.HardFault_Handler)
    I2C_IsErrorOccurred                      0x08004fbd   Thumb Code   352  stm32h5xx_hal_i2c.o(.text.I2C_IsErrorOccurred)
    [Anonymous Symbol]                       0x08004fbc   Section        0  stm32h5xx_hal_i2c.o(.text.I2C_IsErrorOccurred)
    I2C_WaitOnFlagUntilTimeout               0x0800511d   Thumb Code   248  stm32h5xx_hal_i2c.o(.text.I2C_WaitOnFlagUntilTimeout)
    [Anonymous Symbol]                       0x0800511c   Section        0  stm32h5xx_hal_i2c.o(.text.I2C_WaitOnFlagUntilTimeout)
    I2C_WaitOnSTOPFlagUntilTimeout           0x08005215   Thumb Code   124  stm32h5xx_hal_i2c.o(.text.I2C_WaitOnSTOPFlagUntilTimeout)
    [Anonymous Symbol]                       0x08005214   Section        0  stm32h5xx_hal_i2c.o(.text.I2C_WaitOnSTOPFlagUntilTimeout)
    I2C_WaitOnTXISFlagUntilTimeout           0x08005291   Thumb Code   166  stm32h5xx_hal_i2c.o(.text.I2C_WaitOnTXISFlagUntilTimeout)
    [Anonymous Symbol]                       0x08005290   Section        0  stm32h5xx_hal_i2c.o(.text.I2C_WaitOnTXISFlagUntilTimeout)
    [Anonymous Symbol]                       0x08005338   Section        0  adc.o(.text.MX_ADC1_Init)
    [Anonymous Symbol]                       0x080053d0   Section        0  gpdma.o(.text.MX_GPDMA1_Init)
    [Anonymous Symbol]                       0x08005414   Section        0  gpio.o(.text.MX_GPIO_Init)
    [Anonymous Symbol]                       0x0800549c   Section        0  i2c.o(.text.MX_I2C2_Init)
    [Anonymous Symbol]                       0x0800550c   Section        0  icache.o(.text.MX_ICACHE_Init)
    [Anonymous Symbol]                       0x08005530   Section        0  opamp.o(.text.MX_OPAMP1_Init)
    [Anonymous Symbol]                       0x08005570   Section        0  spi.o(.text.MX_SPI1_Init)
    [Anonymous Symbol]                       0x080055dc   Section        0  tim.o(.text.MX_TIM2_Init)
    [Anonymous Symbol]                       0x08005654   Section        0  stm32h5xx_it.o(.text.MemManage_Handler)
    [Anonymous Symbol]                       0x08005658   Section        0  stm32h5xx_it.o(.text.NMI_Handler)
    [Anonymous Symbol]                       0x0800565c   Section        0  oled.o(.text.OLED_Clear)
    [Anonymous Symbol]                       0x08005678   Section        0  oled.o(.text.OLED_DisplayFast)
    [Anonymous Symbol]                       0x08005828   Section        0  oled.o(.text.OLED_Init)
    [Anonymous Symbol]                       0x08005ae8   Section        0  oled.o(.text.OLED_Printf)
    [Anonymous Symbol]                       0x08005b3c   Section        0  oled.o(.text.OLED_ShowChar)
    [Anonymous Symbol]                       0x08005e38   Section        0  oled.o(.text.OLED_ShowString)
    [Anonymous Symbol]                       0x08005e74   Section        0  stm32h5xx_it.o(.text.PendSV_Handler)
    RCCEx_PLL2_Config                        0x08005e79   Thumb Code   234  stm32h5xx_hal_rcc_ex.o(.text.RCCEx_PLL2_Config)
    [Anonymous Symbol]                       0x08005e78   Section        0  stm32h5xx_hal_rcc_ex.o(.text.RCCEx_PLL2_Config)
    SPI_CloseTransfer                        0x08005f65   Thumb Code   208  stm32h5xx_hal_spi.o(.text.SPI_CloseTransfer)
    [Anonymous Symbol]                       0x08005f64   Section        0  stm32h5xx_hal_spi.o(.text.SPI_CloseTransfer)
    [Anonymous Symbol]                       0x08006034   Section        0  stm32h5xx_it.o(.text.SVC_Handler)
    [Anonymous Symbol]                       0x08006038   Section        0  stm32h5xx_it.o(.text.SysTick_Handler)
    [Anonymous Symbol]                       0x0800603c   Section        0  main.o(.text.SystemClock_Config)
    [Anonymous Symbol]                       0x080060fc   Section        0  system_stm32h5xx.o(.text.SystemInit)
    [Anonymous Symbol]                       0x080061ac   Section        0  stm32h5xx_it.o(.text.UsageFault_Handler)
    [Anonymous Symbol]                       0x080061b0   Section        0  main.o(.text.main)
    CL$$btod_d2e                             0x0800628c   Section       62  btod.o(CL$$btod_d2e)
    CL$$btod_d2e_denorm_low                  0x080062ca   Section       70  btod.o(CL$$btod_d2e_denorm_low)
    CL$$btod_d2e_norm_op1                    0x08006310   Section       96  btod.o(CL$$btod_d2e_norm_op1)
    CL$$btod_div_common                      0x08006370   Section      824  btod.o(CL$$btod_div_common)
    CL$$btod_e2e                             0x080066a8   Section      220  btod.o(CL$$btod_e2e)
    CL$$btod_ediv                            0x08006784   Section       42  btod.o(CL$$btod_ediv)
    CL$$btod_emul                            0x080067ae   Section       42  btod.o(CL$$btod_emul)
    CL$$btod_mult_common                     0x080067d8   Section      580  btod.o(CL$$btod_mult_common)
    i.__ARM_fpclassify                       0x08006a1c   Section        0  fpclassify.o(i.__ARM_fpclassify)
    i._is_digit                              0x08006a4c   Section        0  __printf_wp.o(i._is_digit)
    locale$$code                             0x08006a5c   Section       44  lc_numeric_c.o(locale$$code)
    locale$$code                             0x08006a88   Section       44  lc_ctype_c.o(locale$$code)
    $v0                                      0x08006ab4   Number         0  fpinit.o(x$fpl$fpinit)
    x$fpl$fpinit                             0x08006ab4   Section       26  fpinit.o(x$fpl$fpinit)
    $v0                                      0x08006ace   Number         0  printf1.o(x$fpl$printf1)
    x$fpl$printf1                            0x08006ace   Section        4  printf1.o(x$fpl$printf1)
    $v0                                      0x08006ad2   Number         0  printf2.o(x$fpl$printf2)
    x$fpl$printf2                            0x08006ad2   Section        4  printf2.o(x$fpl$printf2)
    x$fpl$usenofp                            0x08006ad6   Section        0  usenofp.o(x$fpl$usenofp)
    initial_mbstate                          0x08006ad8   Data           8  _printf_wctomb.o(.constdata)
    .constdata                               0x08006ad8   Section        8  _printf_wctomb.o(.constdata)
    uc_hextab                                0x08006ae0   Data          20  _printf_hex_int_ll_ptr.o(.constdata)
    .constdata                               0x08006ae0   Section       40  _printf_hex_int_ll_ptr.o(.constdata)
    lc_hextab                                0x08006af4   Data          20  _printf_hex_int_ll_ptr.o(.constdata)
    maptable                                 0x08006b08   Data          17  __printf_flags_ss_wp.o(.constdata)
    .constdata                               0x08006b08   Section       17  __printf_flags_ss_wp.o(.constdata)
    lc_hextab                                0x08006b19   Data          19  _printf_fp_hex.o(.constdata)
    .constdata                               0x08006b19   Section       38  _printf_fp_hex.o(.constdata)
    uc_hextab                                0x08006b2c   Data          19  _printf_fp_hex.o(.constdata)
    tenpwrs_x                                0x08006b40   Data          60  bigflt0.o(.constdata)
    .constdata                               0x08006b40   Section      148  bigflt0.o(.constdata)
    tenpwrs_i                                0x08006b7c   Data          64  bigflt0.o(.constdata)
    Font6x8                                  0x08006be4   Data         576  oled.o(.rodata.Font6x8)
    [Anonymous Symbol]                       0x08006be4   Section        0  oled.o(.rodata.Font6x8)
    locale$$data                             0x08006e44   Section       28  lc_numeric_c.o(locale$$data)
    __lcnum_c_name                           0x08006e48   Data           2  lc_numeric_c.o(locale$$data)
    __lcnum_c_start                          0x08006e50   Data           0  lc_numeric_c.o(locale$$data)
    __lcnum_c_point                          0x08006e5c   Data           0  lc_numeric_c.o(locale$$data)
    __lcnum_c_thousands                      0x08006e5e   Data           0  lc_numeric_c.o(locale$$data)
    __lcnum_c_grouping                       0x08006e5f   Data           0  lc_numeric_c.o(locale$$data)
    __lcnum_c_end                            0x08006e60   Data           0  lc_numeric_c.o(locale$$data)
    locale$$data                             0x08006e60   Section      272  lc_ctype_c.o(locale$$data)
    __lcctype_c_name                         0x08006e64   Data           2  lc_ctype_c.o(locale$$data)
    __lcctype_c_start                        0x08006e6c   Data           0  lc_ctype_c.o(locale$$data)
    __lcctype_c_end                          0x08006f70   Data           0  lc_ctype_c.o(locale$$data)
    .L_MergedGlobals                         0x20000000   Data           8  stm32h5xx_hal.o(.data..L_MergedGlobals)
    [Anonymous Symbol]                       0x20000000   Section        0  stm32h5xx_hal.o(.data..L_MergedGlobals)
    ad9833_ctrl                              0x2000000c   Data           2  ad9833.o(.data.ad9833_ctrl)
    [Anonymous Symbol]                       0x2000000c   Section        0  ad9833.o(.data.ad9833_ctrl)
    .bss                                     0x20000010   Section       96  libspace.o(.bss)
    .L_MergedGlobals                         0x20000070   Data          60  adc.o(.bss..L_MergedGlobals)
    [Anonymous Symbol]                       0x20000070   Section        0  adc.o(.bss..L_MergedGlobals)
    OLED_Buffer                              0x200000ac   Data        1024  oled.o(.bss.OLED_Buffer)
    [Anonymous Symbol]                       0x200000ac   Section        0  oled.o(.bss.OLED_Buffer)
    ad9833_fsel                              0x200004ac   Data           1  ad9833.o(.bss.ad9833_fsel)
    [Anonymous Symbol]                       0x200004ac   Section        0  ad9833.o(.bss.ad9833_fsel)
    Stack_Mem                                0x20000770   Data        2048  startup_stm32h503xx.o(STACK)
    STACK                                    0x20000770   Section     2048  startup_stm32h503xx.o(STACK)

    Global Symbols

    Symbol Name                              Value     Ov Type        Size  Object(Section)

    BuildAttributes$$THM_ISAv4$E$P$D$K$B$S$7EM$8M$VFPi5$EXTD16$VFPS$VFMA$PE$A:L22UL41UL21$X:L11$S22US41US21$IEEE1$IW$~IW$USESV6$~STKCKD$USESV7$~SHL$OTIME$ROPI$IEEEJ$EBA8$UX$STANDARDLIB$REQ8$PRES8$EABIv2 0x00000000   Number         0  anon$$obj.o ABSOLUTE
    _printf_flags                            0x00000000   Number         0  printf_stubs.o ABSOLUTE
    _printf_return_value                     0x00000000   Number         0  printf_stubs.o ABSOLUTE
    _printf_sizespec                         0x00000000   Number         0  printf_stubs.o ABSOLUTE
    _printf_widthprec                        0x00000000   Number         0  printf_stubs.o ABSOLUTE
    Image$$ZI$$Limit                          - Undefined Weak Reference
    __ARM_exceptions_init                     - Undefined Weak Reference
    __alloca_initialize                       - Undefined Weak Reference
    __arm_preinit_                            - Undefined Weak Reference
    __arm_relocate_pie_                       - Undefined Weak Reference
    __cpp_initialize__aeabi_                  - Undefined Weak Reference
    __cxa_finalize                            - Undefined Weak Reference
    __sigvec_lookup                           - Undefined Weak Reference
    _atexit_init                              - Undefined Weak Reference
    _call_atexit_fns                          - Undefined Weak Reference
    _clock_init                               - Undefined Weak Reference
    _fp_trap_init                             - Undefined Weak Reference
    _fp_trap_shutdown                         - Undefined Weak Reference
    _get_lc_collate                           - Undefined Weak Reference
    _get_lc_monetary                          - Undefined Weak Reference
    _get_lc_time                              - Undefined Weak Reference
    _getenv_init                              - Undefined Weak Reference
    _handle_redirection                       - Undefined Weak Reference
    _init_alloc                               - Undefined Weak Reference
    _init_user_alloc                          - Undefined Weak Reference
    _initio                                   - Undefined Weak Reference
    _printf_mbtowc                            - Undefined Weak Reference
    _printf_wc                                - Undefined Weak Reference
    _rand_init                                - Undefined Weak Reference
    _signal_finish                            - Undefined Weak Reference
    _signal_init                              - Undefined Weak Reference
    _terminate_alloc                          - Undefined Weak Reference
    _terminate_user_alloc                     - Undefined Weak Reference
    _terminateio                              - Undefined Weak Reference
    __Vectors_Size                           0x00000258   Number         0  startup_stm32h503xx.o ABSOLUTE
    __Vectors                                0x08000000   Data           4  startup_stm32h503xx.o(RESET)
    __Vectors_End                            0x08000258   Data           0  startup_stm32h503xx.o(RESET)
    __main                                   0x08000259   Thumb Code     8  __main.o(!!!main)
    __scatterload                            0x08000261   Thumb Code     0  __scatter.o(!!!scatter)
    __scatterload_rt2                        0x08000261   Thumb Code    84  __scatter.o(!!!scatter)
    __scatterload_rt2_thumb_only             0x08000261   Thumb Code     0  __scatter.o(!!!scatter)
    __scatterload_loop                       0x0800026b   Thumb Code     0  __scatter.o(!!!scatter)
    __scatterload_copy                       0x080002bd   Thumb Code    26  __scatter_copy.o(!!handler_copy)
    __scatterload_null                       0x080002d9   Thumb Code     2  __scatter.o(!!handler_null)
    __scatterload_zeroinit                   0x080002dd   Thumb Code    28  __scatter_zi.o(!!handler_zi)
    _printf_n                                0x080002f9   Thumb Code     0  _printf_n.o(.ARM.Collect$$_printf_percent$$00000001)
    _printf_percent                          0x080002f9   Thumb Code     0  _printf_percent.o(.ARM.Collect$$_printf_percent$$00000000)
    _printf_p                                0x080002ff   Thumb Code     0  _printf_p.o(.ARM.Collect$$_printf_percent$$00000002)
    _printf_f                                0x08000305   Thumb Code     0  _printf_f.o(.ARM.Collect$$_printf_percent$$00000003)
    _printf_e                                0x0800030b   Thumb Code     0  _printf_e.o(.ARM.Collect$$_printf_percent$$00000004)
    _printf_g                                0x08000311   Thumb Code     0  _printf_g.o(.ARM.Collect$$_printf_percent$$00000005)
    _printf_a                                0x08000317   Thumb Code     0  _printf_a.o(.ARM.Collect$$_printf_percent$$00000006)
    _printf_ll                               0x0800031d   Thumb Code     0  _printf_ll.o(.ARM.Collect$$_printf_percent$$00000007)
    _printf_i                                0x08000327   Thumb Code     0  _printf_i.o(.ARM.Collect$$_printf_percent$$00000008)
    _printf_d                                0x0800032d   Thumb Code     0  _printf_d.o(.ARM.Collect$$_printf_percent$$00000009)
    _printf_u                                0x08000333   Thumb Code     0  _printf_u.o(.ARM.Collect$$_printf_percent$$0000000A)
    _printf_o                                0x08000339   Thumb Code     0  _printf_o.o(.ARM.Collect$$_printf_percent$$0000000B)
    _printf_x                                0x0800033f   Thumb Code     0  _printf_x.o(.ARM.Collect$$_printf_percent$$0000000C)
    _printf_lli                              0x08000345   Thumb Code     0  _printf_lli.o(.ARM.Collect$$_printf_percent$$0000000D)
    _printf_lld                              0x0800034b   Thumb Code     0  _printf_lld.o(.ARM.Collect$$_printf_percent$$0000000E)
    _printf_llu                              0x08000351   Thumb Code     0  _printf_llu.o(.ARM.Collect$$_printf_percent$$0000000F)
    _printf_llo                              0x08000357   Thumb Code     0  _printf_llo.o(.ARM.Collect$$_printf_percent$$00000010)
    _printf_llx                              0x0800035d   Thumb Code     0  _printf_llx.o(.ARM.Collect$$_printf_percent$$00000011)
    _printf_l                                0x08000363   Thumb Code     0  _printf_l.o(.ARM.Collect$$_printf_percent$$00000012)
    _printf_c                                0x0800036d   Thumb Code     0  _printf_c.o(.ARM.Collect$$_printf_percent$$00000013)
    _printf_s                                0x08000373   Thumb Code     0  _printf_s.o(.ARM.Collect$$_printf_percent$$00000014)
    _printf_lc                               0x08000379   Thumb Code     0  _printf_lc.o(.ARM.Collect$$_printf_percent$$00000015)
    _printf_ls                               0x0800037f   Thumb Code     0  _printf_ls.o(.ARM.Collect$$_printf_percent$$00000016)
    _printf_percent_end                      0x08000385   Thumb Code     0  _printf_percent_end.o(.ARM.Collect$$_printf_percent$$00000017)
    __rt_lib_init                            0x08000389   Thumb Code     0  libinit.o(.ARM.Collect$$libinit$$00000000)
    __rt_lib_init_fp_1                       0x0800038b   Thumb Code     0  libinit2.o(.ARM.Collect$$libinit$$00000001)
    __rt_lib_init_heap_1                     0x0800038f   Thumb Code     0  libinit2.o(.ARM.Collect$$libinit$$0000000C)
    __rt_lib_init_lc_common                  0x0800038f   Thumb Code     0  libinit2.o(.ARM.Collect$$libinit$$00000011)
    __rt_lib_init_preinit_1                  0x0800038f   Thumb Code     0  libinit2.o(.ARM.Collect$$libinit$$00000006)
    __rt_lib_init_rand_1                     0x0800038f   Thumb Code     0  libinit2.o(.ARM.Collect$$libinit$$00000010)
    __rt_lib_init_relocate_pie_1             0x0800038f   Thumb Code     0  libinit2.o(.ARM.Collect$$libinit$$00000004)
    __rt_lib_init_user_alloc_1               0x0800038f   Thumb Code     0  libinit2.o(.ARM.Collect$$libinit$$0000000E)
    __rt_lib_init_lc_collate_1               0x08000395   Thumb Code     0  libinit2.o(.ARM.Collect$$libinit$$00000013)
    __rt_lib_init_lc_ctype_2                 0x08000395   Thumb Code     0  libinit2.o(.ARM.Collect$$libinit$$00000014)
    __rt_lib_init_lc_ctype_1                 0x080003a1   Thumb Code     0  libinit2.o(.ARM.Collect$$libinit$$00000015)
    __rt_lib_init_lc_monetary_1              0x080003a1   Thumb Code     0  libinit2.o(.ARM.Collect$$libinit$$00000017)
    __rt_lib_init_lc_numeric_2               0x080003a1   Thumb Code     0  libinit2.o(.ARM.Collect$$libinit$$00000018)
    __rt_lib_init_alloca_1                   0x080003ab   Thumb Code     0  libinit2.o(.ARM.Collect$$libinit$$00000030)
    __rt_lib_init_argv_1                     0x080003ab   Thumb Code     0  libinit2.o(.ARM.Collect$$libinit$$0000002E)
    __rt_lib_init_atexit_1                   0x080003ab   Thumb Code     0  libinit2.o(.ARM.Collect$$libinit$$0000001D)
    __rt_lib_init_clock_1                    0x080003ab   Thumb Code     0  libinit2.o(.ARM.Collect$$libinit$$00000023)
    __rt_lib_init_cpp_1                      0x080003ab   Thumb Code     0  libinit2.o(.ARM.Collect$$libinit$$00000034)
    __rt_lib_init_exceptions_1               0x080003ab   Thumb Code     0  libinit2.o(.ARM.Collect$$libinit$$00000032)
    __rt_lib_init_fp_trap_1                  0x080003ab   Thumb Code     0  libinit2.o(.ARM.Collect$$libinit$$00000021)
    __rt_lib_init_getenv_1                   0x080003ab   Thumb Code     0  libinit2.o(.ARM.Collect$$libinit$$00000025)
    __rt_lib_init_lc_numeric_1               0x080003ab   Thumb Code     0  libinit2.o(.ARM.Collect$$libinit$$00000019)
    __rt_lib_init_lc_time_1                  0x080003ab   Thumb Code     0  libinit2.o(.ARM.Collect$$libinit$$0000001B)
    __rt_lib_init_return                     0x080003ab   Thumb Code     0  libinit2.o(.ARM.Collect$$libinit$$00000035)
    __rt_lib_init_signal_1                   0x080003ab   Thumb Code     0  libinit2.o(.ARM.Collect$$libinit$$0000001F)
    __rt_lib_init_stdio_1                    0x080003ab   Thumb Code     0  libinit2.o(.ARM.Collect$$libinit$$00000027)
    __rt_lib_shutdown                        0x080003ad   Thumb Code     0  libshutdown.o(.ARM.Collect$$libshutdown$$00000000)
    __rt_lib_shutdown_cpp_1                  0x080003af   Thumb Code     0  libshutdown2.o(.ARM.Collect$$libshutdown$$00000002)
    __rt_lib_shutdown_fp_trap_1              0x080003af   Thumb Code     0  libshutdown2.o(.ARM.Collect$$libshutdown$$00000007)
    __rt_lib_shutdown_heap_1                 0x080003af   Thumb Code     0  libshutdown2.o(.ARM.Collect$$libshutdown$$0000000F)
    __rt_lib_shutdown_return                 0x080003af   Thumb Code     0  libshutdown2.o(.ARM.Collect$$libshutdown$$00000010)
    __rt_lib_shutdown_signal_1               0x080003af   Thumb Code     0  libshutdown2.o(.ARM.Collect$$libshutdown$$0000000A)
    __rt_lib_shutdown_stdio_1                0x080003af   Thumb Code     0  libshutdown2.o(.ARM.Collect$$libshutdown$$00000004)
    __rt_lib_shutdown_user_alloc_1           0x080003af   Thumb Code     0  libshutdown2.o(.ARM.Collect$$libshutdown$$0000000C)
    __rt_entry                               0x080003b1   Thumb Code     0  __rtentry.o(.ARM.Collect$$rtentry$$00000000)
    __rt_entry_presh_1                       0x080003b1   Thumb Code     0  __rtentry2.o(.ARM.Collect$$rtentry$$00000002)
    __rt_entry_sh                            0x080003b1   Thumb Code     0  __rtentry5.o(.ARM.Collect$$rtentry$$00000005)
    __rt_entry_li                            0x080003b5   Thumb Code     0  __rtentry2.o(.ARM.Collect$$rtentry$$0000000A)
    __rt_entry_postsh_1                      0x080003b5   Thumb Code     0  __rtentry2.o(.ARM.Collect$$rtentry$$00000009)
    __rt_entry_main                          0x080003b9   Thumb Code     0  __rtentry2.o(.ARM.Collect$$rtentry$$0000000D)
    __rt_entry_postli_1                      0x080003b9   Thumb Code     0  __rtentry2.o(.ARM.Collect$$rtentry$$0000000C)
    __rt_exit                                0x080003c5   Thumb Code     0  rtexit.o(.ARM.Collect$$rtexit$$00000000)
    __rt_exit_ls                             0x080003c7   Thumb Code     0  rtexit2.o(.ARM.Collect$$rtexit$$00000003)
    __rt_exit_prels_1                        0x080003c7   Thumb Code     0  rtexit2.o(.ARM.Collect$$rtexit$$00000002)
    __rt_exit_exit                           0x080003cb   Thumb Code     0  rtexit2.o(.ARM.Collect$$rtexit$$00000004)
    Reset_Handler                            0x080003d1   Thumb Code    14  startup_stm32h503xx.o(.text)
    SecureFault_Handler                      0x080003e9   Thumb Code     2  startup_stm32h503xx.o(.text)
    ADC1_IRQHandler                          0x080003f3   Thumb Code     0  startup_stm32h503xx.o(.text)
    COMP1_IRQHandler                         0x080003f3   Thumb Code     0  startup_stm32h503xx.o(.text)
    CRS_IRQHandler                           0x080003f3   Thumb Code     0  startup_stm32h503xx.o(.text)
    DAC1_IRQHandler                          0x080003f3   Thumb Code     0  startup_stm32h503xx.o(.text)
    DTS_IRQHandler                           0x080003f3   Thumb Code     0  startup_stm32h503xx.o(.text)
    EXTI0_IRQHandler                         0x080003f3   Thumb Code     0  startup_stm32h503xx.o(.text)
    EXTI10_IRQHandler                        0x080003f3   Thumb Code     0  startup_stm32h503xx.o(.text)
    EXTI11_IRQHandler                        0x080003f3   Thumb Code     0  startup_stm32h503xx.o(.text)
    EXTI12_IRQHandler                        0x080003f3   Thumb Code     0  startup_stm32h503xx.o(.text)
    EXTI13_IRQHandler                        0x080003f3   Thumb Code     0  startup_stm32h503xx.o(.text)
    EXTI14_IRQHandler                        0x080003f3   Thumb Code     0  startup_stm32h503xx.o(.text)
    EXTI15_IRQHandler                        0x080003f3   Thumb Code     0  startup_stm32h503xx.o(.text)
    EXTI1_IRQHandler                         0x080003f3   Thumb Code     0  startup_stm32h503xx.o(.text)
    EXTI2_IRQHandler                         0x080003f3   Thumb Code     0  startup_stm32h503xx.o(.text)
    EXTI3_IRQHandler                         0x080003f3   Thumb Code     0  startup_stm32h503xx.o(.text)
    EXTI4_IRQHandler                         0x080003f3   Thumb Code     0  startup_stm32h503xx.o(.text)
    EXTI5_IRQHandler                         0x080003f3   Thumb Code     0  startup_stm32h503xx.o(.text)
    EXTI6_IRQHandler                         0x080003f3   Thumb Code     0  startup_stm32h503xx.o(.text)
    EXTI7_IRQHandler                         0x080003f3   Thumb Code     0  startup_stm32h503xx.o(.text)
    EXTI8_IRQHandler                         0x080003f3   Thumb Code     0  startup_stm32h503xx.o(.text)
    EXTI9_IRQHandler                         0x080003f3   Thumb Code     0  startup_stm32h503xx.o(.text)
    FDCAN1_IT0_IRQHandler                    0x080003f3   Thumb Code     0  startup_stm32h503xx.o(.text)
    FDCAN1_IT1_IRQHandler                    0x080003f3   Thumb Code     0  startup_stm32h503xx.o(.text)
    FLASH_IRQHandler                         0x080003f3   Thumb Code     0  startup_stm32h503xx.o(.text)
    FPU_IRQHandler                           0x080003f3   Thumb Code     0  startup_stm32h503xx.o(.text)
    GPDMA1_Channel2_IRQHandler               0x080003f3   Thumb Code     0  startup_stm32h503xx.o(.text)
    GPDMA1_Channel3_IRQHandler               0x080003f3   Thumb Code     0  startup_stm32h503xx.o(.text)
    GPDMA1_Channel4_IRQHandler               0x080003f3   Thumb Code     0  startup_stm32h503xx.o(.text)
    GPDMA1_Channel5_IRQHandler               0x080003f3   Thumb Code     0  startup_stm32h503xx.o(.text)
    GPDMA1_Channel6_IRQHandler               0x080003f3   Thumb Code     0  startup_stm32h503xx.o(.text)
    GPDMA1_Channel7_IRQHandler               0x080003f3   Thumb Code     0  startup_stm32h503xx.o(.text)
    GPDMA2_Channel0_IRQHandler               0x080003f3   Thumb Code     0  startup_stm32h503xx.o(.text)
    GPDMA2_Channel1_IRQHandler               0x080003f3   Thumb Code     0  startup_stm32h503xx.o(.text)
    GPDMA2_Channel2_IRQHandler               0x080003f3   Thumb Code     0  startup_stm32h503xx.o(.text)
    GPDMA2_Channel3_IRQHandler               0x080003f3   Thumb Code     0  startup_stm32h503xx.o(.text)
    GPDMA2_Channel4_IRQHandler               0x080003f3   Thumb Code     0  startup_stm32h503xx.o(.text)
    GPDMA2_Channel5_IRQHandler               0x080003f3   Thumb Code     0  startup_stm32h503xx.o(.text)
    GPDMA2_Channel6_IRQHandler               0x080003f3   Thumb Code     0  startup_stm32h503xx.o(.text)
    GPDMA2_Channel7_IRQHandler               0x080003f3   Thumb Code     0  startup_stm32h503xx.o(.text)
    GTZC_IRQHandler                          0x080003f3   Thumb Code     0  startup_stm32h503xx.o(.text)
    HASH_IRQHandler                          0x080003f3   Thumb Code     0  startup_stm32h503xx.o(.text)
    I2C1_ER_IRQHandler                       0x080003f3   Thumb Code     0  startup_stm32h503xx.o(.text)
    I2C1_EV_IRQHandler                       0x080003f3   Thumb Code     0  startup_stm32h503xx.o(.text)
    I2C2_ER_IRQHandler                       0x080003f3   Thumb Code     0  startup_stm32h503xx.o(.text)
    I2C2_EV_IRQHandler                       0x080003f3   Thumb Code     0  startup_stm32h503xx.o(.text)
    I3C1_ER_IRQHandler                       0x080003f3   Thumb Code     0  startup_stm32h503xx.o(.text)
    I3C1_EV_IRQHandler                       0x080003f3   Thumb Code     0  startup_stm32h503xx.o(.text)
    I3C2_ER_IRQHandler                       0x080003f3   Thumb Code     0  startup_stm32h503xx.o(.text)
    I3C2_EV_IRQHandler                       0x080003f3   Thumb Code     0  startup_stm32h503xx.o(.text)
    ICACHE_IRQHandler                        0x080003f3   Thumb Code     0  startup_stm32h503xx.o(.text)
    IWDG_IRQHandler                          0x080003f3   Thumb Code     0  startup_stm32h503xx.o(.text)
    LPTIM1_IRQHandler                        0x080003f3   Thumb Code     0  startup_stm32h503xx.o(.text)
    LPTIM2_IRQHandler                        0x080003f3   Thumb Code     0  startup_stm32h503xx.o(.text)
    LPUART1_IRQHandler                       0x080003f3   Thumb Code     0  startup_stm32h503xx.o(.text)
    PVD_AVD_IRQHandler                       0x080003f3   Thumb Code     0  startup_stm32h503xx.o(.text)
    RAMCFG_IRQHandler                        0x080003f3   Thumb Code     0  startup_stm32h503xx.o(.text)
    RCC_IRQHandler                           0x080003f3   Thumb Code     0  startup_stm32h503xx.o(.text)
    RNG_IRQHandler                           0x080003f3   Thumb Code     0  startup_stm32h503xx.o(.text)
    RTC_IRQHandler                           0x080003f3   Thumb Code     0  startup_stm32h503xx.o(.text)
    SPI1_IRQHandler                          0x080003f3   Thumb Code     0  startup_stm32h503xx.o(.text)
    SPI2_IRQHandler                          0x080003f3   Thumb Code     0  startup_stm32h503xx.o(.text)
    SPI3_IRQHandler                          0x080003f3   Thumb Code     0  startup_stm32h503xx.o(.text)
    TAMP_IRQHandler                          0x080003f3   Thumb Code     0  startup_stm32h503xx.o(.text)
    TIM1_BRK_IRQHandler                      0x080003f3   Thumb Code     0  startup_stm32h503xx.o(.text)
    TIM1_CC_IRQHandler                       0x080003f3   Thumb Code     0  startup_stm32h503xx.o(.text)
    TIM1_TRG_COM_IRQHandler                  0x080003f3   Thumb Code     0  startup_stm32h503xx.o(.text)
    TIM1_UP_IRQHandler                       0x080003f3   Thumb Code     0  startup_stm32h503xx.o(.text)
    TIM2_IRQHandler                          0x080003f3   Thumb Code     0  startup_stm32h503xx.o(.text)
    TIM3_IRQHandler                          0x080003f3   Thumb Code     0  startup_stm32h503xx.o(.text)
    TIM6_IRQHandler                          0x080003f3   Thumb Code     0  startup_stm32h503xx.o(.text)
    TIM7_IRQHandler                          0x080003f3   Thumb Code     0  startup_stm32h503xx.o(.text)
    USART1_IRQHandler                        0x080003f3   Thumb Code     0  startup_stm32h503xx.o(.text)
    USART2_IRQHandler                        0x080003f3   Thumb Code     0  startup_stm32h503xx.o(.text)
    USART3_IRQHandler                        0x080003f3   Thumb Code     0  startup_stm32h503xx.o(.text)
    USB_DRD_FS_IRQHandler                    0x080003f3   Thumb Code     0  startup_stm32h503xx.o(.text)
    WWDG_IRQHandler                          0x080003f3   Thumb Code     0  startup_stm32h503xx.o(.text)
    __aeabi_uldivmod                         0x08000401   Thumb Code     0  lludivv7m.o(.text)
    _ll_udiv                                 0x08000401   Thumb Code   240  lludivv7m.o(.text)
    vsnprintf                                0x080004f1   Thumb Code    56  vsnprintf.o(.text)
    __aeabi_memcpy                           0x0800052d   Thumb Code     0  rt_memcpy_v6.o(.text)
    __rt_memcpy                              0x0800052d   Thumb Code   138  rt_memcpy_v6.o(.text)
    _memcpy_lastbytes                        0x08000593   Thumb Code     0  rt_memcpy_v6.o(.text)
    __aeabi_memclr4                          0x080005b7   Thumb Code     0  rt_memclr_w.o(.text)
    __aeabi_memclr8                          0x080005b7   Thumb Code     0  rt_memclr_w.o(.text)
    __rt_memclr_w                            0x080005b7   Thumb Code     0  rt_memclr_w.o(.text)
    _memset_w                                0x080005bb   Thumb Code    74  rt_memclr_w.o(.text)
    __use_two_region_memory                  0x08000605   Thumb Code     2  heapauxi.o(.text)
    __rt_heap_escrow$2region                 0x08000607   Thumb Code     2  heapauxi.o(.text)
    __rt_heap_expand$2region                 0x08000609   Thumb Code     2  heapauxi.o(.text)
    _printf_pre_padding                      0x0800060b   Thumb Code    44  _printf_pad.o(.text)
    _printf_post_padding                     0x08000637   Thumb Code    34  _printf_pad.o(.text)
    _printf_truncate_signed                  0x08000659   Thumb Code    18  _printf_truncate.o(.text)
    _printf_truncate_unsigned                0x0800066b   Thumb Code    18  _printf_truncate.o(.text)
    _printf_str                              0x0800067d   Thumb Code    82  _printf_str.o(.text)
    _printf_int_dec                          0x080006d1   Thumb Code   104  _printf_dec.o(.text)
    _printf_charcount                        0x08000749   Thumb Code    40  _printf_charcount.o(.text)
    _printf_char_common                      0x0800077b   Thumb Code    32  _printf_char_common.o(.text)
    _snputc                                  0x080007a1   Thumb Code    16  _snputc.o(.text)
    _printf_wctomb                           0x080007b1   Thumb Code   182  _printf_wctomb.o(.text)
    _printf_longlong_dec                     0x0800086d   Thumb Code   108  _printf_longlong_dec.o(.text)
    _printf_longlong_oct                     0x080008e9   Thumb Code    68  _printf_oct_int_ll.o(.text)
    _printf_int_oct                          0x0800092d   Thumb Code    24  _printf_oct_int_ll.o(.text)
    _printf_ll_oct                           0x08000945   Thumb Code    12  _printf_oct_int_ll.o(.text)
    _printf_longlong_hex                     0x08000959   Thumb Code    86  _printf_hex_int_ll_ptr.o(.text)
    _printf_int_hex                          0x080009af   Thumb Code    28  _printf_hex_int_ll_ptr.o(.text)
    _printf_ll_hex                           0x080009cb   Thumb Code    12  _printf_hex_int_ll_ptr.o(.text)
    _printf_hex_ptr                          0x080009d7   Thumb Code    18  _printf_hex_int_ll_ptr.o(.text)
    __printf                                 0x080009ed   Thumb Code   388  __printf_flags_ss_wp.o(.text)
    __aeabi_memcpy4                          0x08000b75   Thumb Code     0  rt_memcpy_w.o(.text)
    __aeabi_memcpy8                          0x08000b75   Thumb Code     0  rt_memcpy_w.o(.text)
    __rt_memcpy_w                            0x08000b75   Thumb Code   100  rt_memcpy_w.o(.text)
    _memcpy_lastbytes_aligned                0x08000bbd   Thumb Code     0  rt_memcpy_w.o(.text)
    _ll_udiv10                               0x08000bd9   Thumb Code   138  lludiv10.o(.text)
    _printf_int_common                       0x08000c63   Thumb Code   178  _printf_intcommon.o(.text)
    _printf_fp_dec_real                      0x08000ec5   Thumb Code   620  _printf_fp_dec.o(.text)
    _printf_fp_hex_real                      0x08001131   Thumb Code   756  _printf_fp_hex.o(.text)
    _printf_cs_common                        0x0800142d   Thumb Code    20  _printf_char.o(.text)
    _printf_char                             0x08001441   Thumb Code    16  _printf_char.o(.text)
    _printf_string                           0x08001451   Thumb Code     8  _printf_char.o(.text)
    _printf_lcs_common                       0x08001459   Thumb Code    20  _printf_wchar.o(.text)
    _printf_wchar                            0x0800146d   Thumb Code    16  _printf_wchar.o(.text)
    _printf_wstring                          0x0800147d   Thumb Code     8  _printf_wchar.o(.text)
    _c16rtomb                                0x08001485   Thumb Code    72  _c16rtomb.o(.text)
    _wcrtomb                                 0x08001485   Thumb Code     0  _c16rtomb.o(.text)
    __rt_ctype_table                         0x080014cd   Thumb Code    16  rt_ctype_table.o(.text)
    __rt_locale                              0x080014dd   Thumb Code     8  rt_locale_intlibspace.o(.text)
    _printf_fp_infnan                        0x080014e5   Thumb Code   112  _printf_fp_infnan.o(.text)
    _btod_etento                             0x08001565   Thumb Code   224  bigflt0.o(.text)
    exit                                     0x08001649   Thumb Code    18  exit.o(.text)
    strcmp                                   0x08001661   Thumb Code   124  strcmpv8m_maindsp.o(.text)
    _sys_exit                                0x080016dd   Thumb Code     8  sys_exit.o(.text)
    __I$use$semihosting                      0x080016e9   Thumb Code     0  use_no_semi.o(.text)
    __use_no_semihosting_swi                 0x080016e9   Thumb Code     2  use_no_semi.o(.text)
    __semihosting_library_function           0x080016eb   Thumb Code     0  indicate_semi.o(.text)
    AD9833_Init                              0x080016ed   Thumb Code   268  ad9833.o(.text.AD9833_Init)
    AD9833_SetFrequency                      0x080017f9   Thumb Code   324  ad9833.o(.text.AD9833_SetFrequency)
    BusFault_Handler                         0x0800193d   Thumb Code     2  stm32h5xx_it.o(.text.BusFault_Handler)
    DebugMon_Handler                         0x08001b15   Thumb Code     2  stm32h5xx_it.o(.text.DebugMon_Handler)
    Error_Handler                            0x08001b19   Thumb Code     6  main.o(.text.Error_Handler)
    GPDMA1_Channel0_IRQHandler               0x08001b21   Thumb Code    12  stm32h5xx_it.o(.text.GPDMA1_Channel0_IRQHandler)
    GPDMA1_Channel1_IRQHandler               0x08001b2d   Thumb Code    12  stm32h5xx_it.o(.text.GPDMA1_Channel1_IRQHandler)
    HAL_ADC_ConfigChannel                    0x08001b39   Thumb Code   960  stm32h5xx_hal_adc.o(.text.HAL_ADC_ConfigChannel)
    HAL_ADC_Init                             0x08001ef9   Thumb Code   490  stm32h5xx_hal_adc.o(.text.HAL_ADC_Init)
    HAL_ADC_MspInit                          0x080020e5   Thumb Code   352  adc.o(.text.HAL_ADC_MspInit)
    HAL_DMAEx_List_BuildNode                 0x08002245   Thumb Code   372  stm32h5xx_hal_dma_ex.o(.text.HAL_DMAEx_List_BuildNode)
    HAL_DMAEx_List_Init                      0x080023b9   Thumb Code   226  stm32h5xx_hal_dma_ex.o(.text.HAL_DMAEx_List_Init)
    HAL_DMAEx_List_InsertNode                0x0800249d   Thumb Code   326  stm32h5xx_hal_dma_ex.o(.text.HAL_DMAEx_List_InsertNode)
    HAL_DMAEx_List_LinkQ                     0x080025e5   Thumb Code   174  stm32h5xx_hal_dma_ex.o(.text.HAL_DMAEx_List_LinkQ)
    HAL_DMAEx_List_SetCircularMode           0x08002695   Thumb Code   278  stm32h5xx_hal_dma_ex.o(.text.HAL_DMAEx_List_SetCircularMode)
    HAL_DMA_ConfigChannelAttributes          0x080027ad   Thumb Code    58  stm32h5xx_hal_dma.o(.text.HAL_DMA_ConfigChannelAttributes)
    HAL_DMA_IRQHandler                       0x080027e9   Thumb Code   424  stm32h5xx_hal_dma.o(.text.HAL_DMA_IRQHandler)
    HAL_DMA_Init                             0x08002991   Thumb Code   578  stm32h5xx_hal_dma.o(.text.HAL_DMA_Init)
    HAL_Delay                                0x08002bd5   Thumb Code    40  stm32h5xx_hal.o(.text.HAL_Delay)
    HAL_GPIO_Init                            0x08002bfd   Thumb Code   392  stm32h5xx_hal_gpio.o(.text.HAL_GPIO_Init)
    HAL_GPIO_WritePin                        0x08002d85   Thumb Code    12  stm32h5xx_hal_gpio.o(.text.HAL_GPIO_WritePin)
    HAL_GetTick                              0x08002d91   Thumb Code    12  stm32h5xx_hal.o(.text.HAL_GetTick)
    HAL_I2CEx_ConfigAnalogFilter             0x08002d9d   Thumb Code    74  stm32h5xx_hal_i2c_ex.o(.text.HAL_I2CEx_ConfigAnalogFilter)
    HAL_I2CEx_ConfigDigitalFilter            0x08002de9   Thumb Code    72  stm32h5xx_hal_i2c_ex.o(.text.HAL_I2CEx_ConfigDigitalFilter)
    HAL_I2C_Init                             0x08002e31   Thumb Code   174  stm32h5xx_hal_i2c.o(.text.HAL_I2C_Init)
    HAL_I2C_Master_Transmit                  0x08002ee1   Thumb Code   430  stm32h5xx_hal_i2c.o(.text.HAL_I2C_Master_Transmit)
    HAL_I2C_MspInit                          0x08003091   Thumb Code   152  i2c.o(.text.HAL_I2C_MspInit)
    HAL_ICACHE_ConfigAssociativityMode       0x08003129   Thumb Code    32  stm32h5xx_hal_icache.o(.text.HAL_ICACHE_ConfigAssociativityMode)
    HAL_ICACHE_Enable                        0x08003149   Thumb Code    20  stm32h5xx_hal_icache.o(.text.HAL_ICACHE_Enable)
    HAL_IncTick                              0x0800315d   Thumb Code    26  stm32h5xx_hal.o(.text.HAL_IncTick)
    HAL_Init                                 0x08003179   Thumb Code    76  stm32h5xx_hal.o(.text.HAL_Init)
    HAL_InitTick                             0x080031c5   Thumb Code   168  stm32h5xx_hal.o(.text.HAL_InitTick)
    HAL_MPU_ConfigMemoryAttributes           0x0800326d   Thumb Code    62  stm32h5xx_hal_cortex.o(.text.HAL_MPU_ConfigMemoryAttributes)
    HAL_MPU_ConfigRegion                     0x080032ad   Thumb Code    76  stm32h5xx_hal_cortex.o(.text.HAL_MPU_ConfigRegion)
    HAL_MPU_Disable                          0x080032f9   Thumb Code    38  stm32h5xx_hal_cortex.o(.text.HAL_MPU_Disable)
    HAL_MPU_Enable                           0x08003321   Thumb Code    36  stm32h5xx_hal_cortex.o(.text.HAL_MPU_Enable)
    HAL_MspInit                              0x08003345   Thumb Code     2  stm32h5xx_hal_msp.o(.text.HAL_MspInit)
    HAL_NVIC_EnableIRQ                       0x08003349   Thumb Code    34  stm32h5xx_hal_cortex.o(.text.HAL_NVIC_EnableIRQ)
    HAL_NVIC_SetPriority                     0x0800336d   Thumb Code    86  stm32h5xx_hal_cortex.o(.text.HAL_NVIC_SetPriority)
    HAL_NVIC_SetPriorityGrouping             0x080033c5   Thumb Code    32  stm32h5xx_hal_cortex.o(.text.HAL_NVIC_SetPriorityGrouping)
    HAL_OPAMP_Init                           0x080033e5   Thumb Code   278  stm32h5xx_hal_opamp.o(.text.HAL_OPAMP_Init)
    HAL_OPAMP_MspInit                        0x080034fd   Thumb Code   106  opamp.o(.text.HAL_OPAMP_MspInit)
    HAL_RCCEx_PeriphCLKConfig                0x08003569   Thumb Code  1700  stm32h5xx_hal_rcc_ex.o(.text.HAL_RCCEx_PeriphCLKConfig)
    HAL_RCC_ClockConfig                      0x08003c0d   Thumb Code   606  stm32h5xx_hal_rcc.o(.text.HAL_RCC_ClockConfig)
    HAL_RCC_GetSysClockFreq                  0x08003e6d   Thumb Code   284  stm32h5xx_hal_rcc.o(.text.HAL_RCC_GetSysClockFreq)
    HAL_RCC_OscConfig                        0x08003f99   Thumb Code  1602  stm32h5xx_hal_rcc.o(.text.HAL_RCC_OscConfig)
    HAL_SPI_Init                             0x080045dd   Thumb Code   426  stm32h5xx_hal_spi.o(.text.HAL_SPI_Init)
    HAL_SPI_MspInit                          0x08004789   Thumb Code   236  spi.o(.text.HAL_SPI_MspInit)
    HAL_SPI_Transmit                         0x08004875   Thumb Code   708  stm32h5xx_hal_spi.o(.text.HAL_SPI_Transmit)
    HAL_SYSTICK_CLKSourceConfig              0x08004b39   Thumb Code   118  stm32h5xx_hal_cortex.o(.text.HAL_SYSTICK_CLKSourceConfig)
    HAL_SYSTICK_Config                       0x08004bb1   Thumb Code    36  stm32h5xx_hal_cortex.o(.text.HAL_SYSTICK_Config)
    HAL_SYSTICK_GetCLKSourceConfig           0x08004bd5   Thumb Code    40  stm32h5xx_hal_cortex.o(.text.HAL_SYSTICK_GetCLKSourceConfig)
    HAL_TIMEx_MasterConfigSynchronization    0x08004c0d   Thumb Code   118  stm32h5xx_hal_tim_ex.o(.text.HAL_TIMEx_MasterConfigSynchronization)
    HAL_TIM_Base_Init                        0x08004c85   Thumb Code   214  stm32h5xx_hal_tim.o(.text.HAL_TIM_Base_Init)
    HAL_TIM_Base_MspInit                     0x08004d5d   Thumb Code    42  tim.o(.text.HAL_TIM_Base_MspInit)
    HAL_TIM_ConfigClockSource                0x08004d89   Thumb Code   560  stm32h5xx_hal_tim.o(.text.HAL_TIM_ConfigClockSource)
    HardFault_Handler                        0x08004fb9   Thumb Code     2  stm32h5xx_it.o(.text.HardFault_Handler)
    MX_ADC1_Init                             0x08005339   Thumb Code   150  adc.o(.text.MX_ADC1_Init)
    MX_GPDMA1_Init                           0x080053d1   Thumb Code    68  gpdma.o(.text.MX_GPDMA1_Init)
    MX_GPIO_Init                             0x08005415   Thumb Code   136  gpio.o(.text.MX_GPIO_Init)
    MX_I2C2_Init                             0x0800549d   Thumb Code   112  i2c.o(.text.MX_I2C2_Init)
    MX_ICACHE_Init                           0x0800550d   Thumb Code    34  icache.o(.text.MX_ICACHE_Init)
    MX_OPAMP1_Init                           0x08005531   Thumb Code    62  opamp.o(.text.MX_OPAMP1_Init)
    MX_SPI1_Init                             0x08005571   Thumb Code   106  spi.o(.text.MX_SPI1_Init)
    MX_TIM2_Init                             0x080055dd   Thumb Code   118  tim.o(.text.MX_TIM2_Init)
    MemManage_Handler                        0x08005655   Thumb Code     2  stm32h5xx_it.o(.text.MemManage_Handler)
    NMI_Handler                              0x08005659   Thumb Code     2  stm32h5xx_it.o(.text.NMI_Handler)
    OLED_Clear                               0x0800565d   Thumb Code    26  oled.o(.text.OLED_Clear)
    OLED_DisplayFast                         0x08005679   Thumb Code   430  oled.o(.text.OLED_DisplayFast)
    OLED_Init                                0x08005829   Thumb Code   704  oled.o(.text.OLED_Init)
    OLED_Printf                              0x08005ae9   Thumb Code    82  oled.o(.text.OLED_Printf)
    OLED_ShowChar                            0x08005b3d   Thumb Code   764  oled.o(.text.OLED_ShowChar)
    OLED_ShowString                          0x08005e39   Thumb Code    60  oled.o(.text.OLED_ShowString)
    PendSV_Handler                           0x08005e75   Thumb Code     2  stm32h5xx_it.o(.text.PendSV_Handler)
    SVC_Handler                              0x08006035   Thumb Code     2  stm32h5xx_it.o(.text.SVC_Handler)
    SysTick_Handler                          0x08006039   Thumb Code     4  stm32h5xx_it.o(.text.SysTick_Handler)
    SystemClock_Config                       0x0800603d   Thumb Code   190  main.o(.text.SystemClock_Config)
    SystemInit                               0x080060fd   Thumb Code   174  system_stm32h5xx.o(.text.SystemInit)
    UsageFault_Handler                       0x080061ad   Thumb Code     2  stm32h5xx_it.o(.text.UsageFault_Handler)
    main                                     0x080061b1   Thumb Code   172  main.o(.text.main)
    _btod_d2e                                0x0800628d   Thumb Code    62  btod.o(CL$$btod_d2e)
    _d2e_denorm_low                          0x080062cb   Thumb Code    70  btod.o(CL$$btod_d2e_denorm_low)
    _d2e_norm_op1                            0x08006311   Thumb Code    96  btod.o(CL$$btod_d2e_norm_op1)
    __btod_div_common                        0x08006371   Thumb Code   696  btod.o(CL$$btod_div_common)
    _e2e                                     0x080066a9   Thumb Code   220  btod.o(CL$$btod_e2e)
    _btod_ediv                               0x08006785   Thumb Code    42  btod.o(CL$$btod_ediv)
    _btod_emul                               0x080067af   Thumb Code    42  btod.o(CL$$btod_emul)
    __btod_mult_common                       0x080067d9   Thumb Code   580  btod.o(CL$$btod_mult_common)
    __ARM_fpclassify                         0x08006a1d   Thumb Code    48  fpclassify.o(i.__ARM_fpclassify)
    _is_digit                                0x08006a4d   Thumb Code    14  __printf_wp.o(i._is_digit)
    _get_lc_numeric                          0x08006a5d   Thumb Code    44  lc_numeric_c.o(locale$$code)
    _get_lc_ctype                            0x08006a89   Thumb Code    44  lc_ctype_c.o(locale$$code)
    _fp_init                                 0x08006ab5   Thumb Code    26  fpinit.o(x$fpl$fpinit)
    __fplib_config_fpu_vfp                   0x08006acd   Thumb Code     0  fpinit.o(x$fpl$fpinit)
    __fplib_config_pureend_doubles           0x08006acd   Thumb Code     0  fpinit.o(x$fpl$fpinit)
    _printf_fp_dec                           0x08006acf   Thumb Code     4  printf1.o(x$fpl$printf1)
    _printf_fp_hex                           0x08006ad3   Thumb Code     4  printf2.o(x$fpl$printf2)
    __I$use$fp                               0x08006ad6   Number         0  usenofp.o(x$fpl$usenofp)
    AHBPrescTable                            0x08006bd4   Data          16  system_stm32h5xx.o(.rodata.AHBPrescTable)
    Region$$Table$$Base                      0x08006e24   Number         0  anon$$obj.o(Region$$Table)
    Region$$Table$$Limit                     0x08006e44   Number         0  anon$$obj.o(Region$$Table)
    __ctype                                  0x08006e6d   Data           0  lc_ctype_c.o(locale$$data)
    uwTickFreq                               0x20000000   Data           1  stm32h5xx_hal.o(.data..L_MergedGlobals)
    uwTickPrio                               0x20000004   Data           4  stm32h5xx_hal.o(.data..L_MergedGlobals)
    SystemCoreClock                          0x20000008   Data           4  system_stm32h5xx.o(.data.SystemCoreClock)
    __libspace_start                         0x20000010   Data          96  libspace.o(.bss)
    List_GPDMA1_Channel1                     0x20000070   Data          24  adc.o(.bss..L_MergedGlobals)
    __temporary_stack_top$libspace           0x20000070   Data           0  libspace.o(.bss)
    Node_GPDMA1_Channel1                     0x20000088   Data          36  adc.o(.bss..L_MergedGlobals)
    hadc1                                    0x200004b0   Data         104  adc.o(.bss.hadc1)
    handle_GPDMA1_Channel0                   0x20000518   Data         120  spi.o(.bss.handle_GPDMA1_Channel0)
    handle_GPDMA1_Channel1                   0x20000590   Data         120  adc.o(.bss.handle_GPDMA1_Channel1)
    hi2c2                                    0x20000608   Data          84  i2c.o(.bss.hi2c2)
    hopamp1                                  0x2000065c   Data          52  opamp.o(.bss.hopamp1)
    hspi1                                    0x20000690   Data         144  spi.o(.bss.hspi1)
    htim2                                    0x20000720   Data          76  tim.o(.bss.htim2)
    uwTick                                   0x2000076c   Data           4  stm32h5xx_hal.o(.bss.uwTick)
    __initial_sp                             0x20000f70   Data           0  startup_stm32h503xx.o(STACK)



==============================================================================

Memory Map of the image

  Image Entry point : 0x08000259

  Load Region LR_IROM1 (Base: 0x08000000, Size: 0x00006f80, Max: 0x00020000, ABSOLUTE)

    Execution Region ER_IROM1 (Exec base: 0x08000000, Load base: 0x08000000, Size: 0x00006f70, Max: 0x00020000, ABSOLUTE)

    Exec Addr    Load Addr    Size         Type   Attr      Idx    E Section Name        Object

    0x08000000   0x08000000   0x00000258   Data   RO            3    RESET               startup_stm32h503xx.o
    0x08000258   0x08000258   0x00000008   Code   RO         1734  * !!!main             c_w.l(__main.o)
    0x08000260   0x08000260   0x0000005c   Code   RO         2096    !!!scatter          c_w.l(__scatter.o)
    0x080002bc   0x080002bc   0x0000001a   Code   RO         2100    !!handler_copy      c_w.l(__scatter_copy.o)
    0x080002d6   0x080002d6   0x00000002   PAD
    0x080002d8   0x080002d8   0x00000002   Code   RO         2097    !!handler_null      c_w.l(__scatter.o)
    0x080002da   0x080002da   0x00000002   PAD
    0x080002dc   0x080002dc   0x0000001c   Code   RO         2102    !!handler_zi        c_w.l(__scatter_zi.o)
    0x080002f8   0x080002f8   0x00000000   Code   RO         1822    .ARM.Collect$$_printf_percent$$00000000  c_w.l(_printf_percent.o)
    0x080002f8   0x080002f8   0x00000006   Code   RO         1811    .ARM.Collect$$_printf_percent$$00000001  c_w.l(_printf_n.o)
    0x080002fe   0x080002fe   0x00000006   Code   RO         1813    .ARM.Collect$$_printf_percent$$00000002  c_w.l(_printf_p.o)
    0x08000304   0x08000304   0x00000006   Code   RO         1818    .ARM.Collect$$_printf_percent$$00000003  c_w.l(_printf_f.o)
    0x0800030a   0x0800030a   0x00000006   Code   RO         1819    .ARM.Collect$$_printf_percent$$00000004  c_w.l(_printf_e.o)
    0x08000310   0x08000310   0x00000006   Code   RO         1820    .ARM.Collect$$_printf_percent$$00000005  c_w.l(_printf_g.o)
    0x08000316   0x08000316   0x00000006   Code   RO         1821    .ARM.Collect$$_printf_percent$$00000006  c_w.l(_printf_a.o)
    0x0800031c   0x0800031c   0x0000000a   Code   RO         1826    .ARM.Collect$$_printf_percent$$00000007  c_w.l(_printf_ll.o)
    0x08000326   0x08000326   0x00000006   Code   RO         1815    .ARM.Collect$$_printf_percent$$00000008  c_w.l(_printf_i.o)
    0x0800032c   0x0800032c   0x00000006   Code   RO         1816    .ARM.Collect$$_printf_percent$$00000009  c_w.l(_printf_d.o)
    0x08000332   0x08000332   0x00000006   Code   RO         1817    .ARM.Collect$$_printf_percent$$0000000A  c_w.l(_printf_u.o)
    0x08000338   0x08000338   0x00000006   Code   RO         1814    .ARM.Collect$$_printf_percent$$0000000B  c_w.l(_printf_o.o)
    0x0800033e   0x0800033e   0x00000006   Code   RO         1812    .ARM.Collect$$_printf_percent$$0000000C  c_w.l(_printf_x.o)
    0x08000344   0x08000344   0x00000006   Code   RO         1823    .ARM.Collect$$_printf_percent$$0000000D  c_w.l(_printf_lli.o)
    0x0800034a   0x0800034a   0x00000006   Code   RO         1824    .ARM.Collect$$_printf_percent$$0000000E  c_w.l(_printf_lld.o)
    0x08000350   0x08000350   0x00000006   Code   RO         1825    .ARM.Collect$$_printf_percent$$0000000F  c_w.l(_printf_llu.o)
    0x08000356   0x08000356   0x00000006   Code   RO         1830    .ARM.Collect$$_printf_percent$$00000010  c_w.l(_printf_llo.o)
    0x0800035c   0x0800035c   0x00000006   Code   RO         1831    .ARM.Collect$$_printf_percent$$00000011  c_w.l(_printf_llx.o)
    0x08000362   0x08000362   0x0000000a   Code   RO         1827    .ARM.Collect$$_printf_percent$$00000012  c_w.l(_printf_l.o)
    0x0800036c   0x0800036c   0x00000006   Code   RO         1809    .ARM.Collect$$_printf_percent$$00000013  c_w.l(_printf_c.o)
    0x08000372   0x08000372   0x00000006   Code   RO         1810    .ARM.Collect$$_printf_percent$$00000014  c_w.l(_printf_s.o)
    0x08000378   0x08000378   0x00000006   Code   RO         1828    .ARM.Collect$$_printf_percent$$00000015  c_w.l(_printf_lc.o)
    0x0800037e   0x0800037e   0x00000006   Code   RO         1829    .ARM.Collect$$_printf_percent$$00000016  c_w.l(_printf_ls.o)
    0x08000384   0x08000384   0x00000004   Code   RO         1881    .ARM.Collect$$_printf_percent$$00000017  c_w.l(_printf_percent_end.o)
    0x08000388   0x08000388   0x00000002   Code   RO         1936    .ARM.Collect$$libinit$$00000000  c_w.l(libinit.o)
    0x0800038a   0x0800038a   0x00000004   Code   RO         1964    .ARM.Collect$$libinit$$00000001  c_w.l(libinit2.o)
    0x0800038e   0x0800038e   0x00000000   Code   RO         1967    .ARM.Collect$$libinit$$00000004  c_w.l(libinit2.o)
    0x0800038e   0x0800038e   0x00000000   Code   RO         1969    .ARM.Collect$$libinit$$00000006  c_w.l(libinit2.o)
    0x0800038e   0x0800038e   0x00000000   Code   RO         1972    .ARM.Collect$$libinit$$0000000C  c_w.l(libinit2.o)
    0x0800038e   0x0800038e   0x00000000   Code   RO         1974    .ARM.Collect$$libinit$$0000000E  c_w.l(libinit2.o)
    0x0800038e   0x0800038e   0x00000000   Code   RO         1976    .ARM.Collect$$libinit$$00000010  c_w.l(libinit2.o)
    0x0800038e   0x0800038e   0x00000006   Code   RO         1977    .ARM.Collect$$libinit$$00000011  c_w.l(libinit2.o)
    0x08000394   0x08000394   0x00000000   Code   RO         1979    .ARM.Collect$$libinit$$00000013  c_w.l(libinit2.o)
    0x08000394   0x08000394   0x0000000c   Code   RO         1980    .ARM.Collect$$libinit$$00000014  c_w.l(libinit2.o)
    0x080003a0   0x080003a0   0x00000000   Code   RO         1981    .ARM.Collect$$libinit$$00000015  c_w.l(libinit2.o)
    0x080003a0   0x080003a0   0x00000000   Code   RO         1983    .ARM.Collect$$libinit$$00000017  c_w.l(libinit2.o)
    0x080003a0   0x080003a0   0x0000000a   Code   RO         1984    .ARM.Collect$$libinit$$00000018  c_w.l(libinit2.o)
    0x080003aa   0x080003aa   0x00000000   Code   RO         1985    .ARM.Collect$$libinit$$00000019  c_w.l(libinit2.o)
    0x080003aa   0x080003aa   0x00000000   Code   RO         1987    .ARM.Collect$$libinit$$0000001B  c_w.l(libinit2.o)
    0x080003aa   0x080003aa   0x00000000   Code   RO         1989    .ARM.Collect$$libinit$$0000001D  c_w.l(libinit2.o)
    0x080003aa   0x080003aa   0x00000000   Code   RO         1991    .ARM.Collect$$libinit$$0000001F  c_w.l(libinit2.o)
    0x080003aa   0x080003aa   0x00000000   Code   RO         1993    .ARM.Collect$$libinit$$00000021  c_w.l(libinit2.o)
    0x080003aa   0x080003aa   0x00000000   Code   RO         1995    .ARM.Collect$$libinit$$00000023  c_w.l(libinit2.o)
    0x080003aa   0x080003aa   0x00000000   Code   RO         1997    .ARM.Collect$$libinit$$00000025  c_w.l(libinit2.o)
    0x080003aa   0x080003aa   0x00000000   Code   RO         1999    .ARM.Collect$$libinit$$00000027  c_w.l(libinit2.o)
    0x080003aa   0x080003aa   0x00000000   Code   RO         2003    .ARM.Collect$$libinit$$0000002E  c_w.l(libinit2.o)
    0x080003aa   0x080003aa   0x00000000   Code   RO         2005    .ARM.Collect$$libinit$$00000030  c_w.l(libinit2.o)
    0x080003aa   0x080003aa   0x00000000   Code   RO         2007    .ARM.Collect$$libinit$$00000032  c_w.l(libinit2.o)
    0x080003aa   0x080003aa   0x00000000   Code   RO         2009    .ARM.Collect$$libinit$$00000034  c_w.l(libinit2.o)
    0x080003aa   0x080003aa   0x00000002   Code   RO         2010    .ARM.Collect$$libinit$$00000035  c_w.l(libinit2.o)
    0x080003ac   0x080003ac   0x00000002   Code   RO         2051    .ARM.Collect$$libshutdown$$00000000  c_w.l(libshutdown.o)
    0x080003ae   0x080003ae   0x00000000   Code   RO         2079    .ARM.Collect$$libshutdown$$00000002  c_w.l(libshutdown2.o)
    0x080003ae   0x080003ae   0x00000000   Code   RO         2081    .ARM.Collect$$libshutdown$$00000004  c_w.l(libshutdown2.o)
    0x080003ae   0x080003ae   0x00000000   Code   RO         2084    .ARM.Collect$$libshutdown$$00000007  c_w.l(libshutdown2.o)
    0x080003ae   0x080003ae   0x00000000   Code   RO         2087    .ARM.Collect$$libshutdown$$0000000A  c_w.l(libshutdown2.o)
    0x080003ae   0x080003ae   0x00000000   Code   RO         2089    .ARM.Collect$$libshutdown$$0000000C  c_w.l(libshutdown2.o)
    0x080003ae   0x080003ae   0x00000000   Code   RO         2092    .ARM.Collect$$libshutdown$$0000000F  c_w.l(libshutdown2.o)
    0x080003ae   0x080003ae   0x00000002   Code   RO         2093    .ARM.Collect$$libshutdown$$00000010  c_w.l(libshutdown2.o)
    0x080003b0   0x080003b0   0x00000000   Code   RO         1736    .ARM.Collect$$rtentry$$00000000  c_w.l(__rtentry.o)
    0x080003b0   0x080003b0   0x00000000   Code   RO         1843    .ARM.Collect$$rtentry$$00000002  c_w.l(__rtentry2.o)
    0x080003b0   0x080003b0   0x00000004   Code   RO         1857    .ARM.Collect$$rtentry$$00000005  c_w.l(__rtentry5.o)
    0x080003b4   0x080003b4   0x00000000   Code   RO         1845    .ARM.Collect$$rtentry$$00000009  c_w.l(__rtentry2.o)
    0x080003b4   0x080003b4   0x00000004   Code   RO         1846    .ARM.Collect$$rtentry$$0000000A  c_w.l(__rtentry2.o)
    0x080003b8   0x080003b8   0x00000000   Code   RO         1848    .ARM.Collect$$rtentry$$0000000C  c_w.l(__rtentry2.o)
    0x080003b8   0x080003b8   0x00000008   Code   RO         1849    .ARM.Collect$$rtentry$$0000000D  c_w.l(__rtentry2.o)
    0x080003c0   0x080003c0   0x00000004   Code   RO         1858    .ARM.Collect$$rtentry$$00002716  c_w.l(__rtentry5.o)
    0x080003c4   0x080003c4   0x00000002   Code   RO         1949    .ARM.Collect$$rtexit$$00000000  c_w.l(rtexit.o)
    0x080003c6   0x080003c6   0x00000000   Code   RO         2023    .ARM.Collect$$rtexit$$00000002  c_w.l(rtexit2.o)
    0x080003c6   0x080003c6   0x00000004   Code   RO         2024    .ARM.Collect$$rtexit$$00000003  c_w.l(rtexit2.o)
    0x080003ca   0x080003ca   0x00000006   Code   RO         2025    .ARM.Collect$$rtexit$$00000004  c_w.l(rtexit2.o)
    0x080003d0   0x080003d0   0x00000030   Code   RO            4    .text               startup_stm32h503xx.o
    0x08000400   0x08000400   0x000000f0   Code   RO         1722    .text               c_w.l(lludivv7m.o)
    0x080004f0   0x080004f0   0x0000003c   Code   RO         1724    .text               c_w.l(vsnprintf.o)
    0x0800052c   0x0800052c   0x0000008a   Code   RO         1726    .text               c_w.l(rt_memcpy_v6.o)
    0x080005b6   0x080005b6   0x0000004e   Code   RO         1730    .text               c_w.l(rt_memclr_w.o)
    0x08000604   0x08000604   0x00000006   Code   RO         1732    .text               c_w.l(heapauxi.o)
    0x0800060a   0x0800060a   0x0000004e   Code   RO         1743    .text               c_w.l(_printf_pad.o)
    0x08000658   0x08000658   0x00000024   Code   RO         1745    .text               c_w.l(_printf_truncate.o)
    0x0800067c   0x0800067c   0x00000052   Code   RO         1747    .text               c_w.l(_printf_str.o)
    0x080006ce   0x080006ce   0x00000002   PAD
    0x080006d0   0x080006d0   0x00000078   Code   RO         1749    .text               c_w.l(_printf_dec.o)
    0x08000748   0x08000748   0x00000028   Code   RO         1751    .text               c_w.l(_printf_charcount.o)
    0x08000770   0x08000770   0x00000030   Code   RO         1753    .text               c_w.l(_printf_char_common.o)
    0x080007a0   0x080007a0   0x00000010   Code   RO         1755    .text               c_w.l(_snputc.o)
    0x080007b0   0x080007b0   0x000000bc   Code   RO         1757    .text               c_w.l(_printf_wctomb.o)
    0x0800086c   0x0800086c   0x0000007c   Code   RO         1760    .text               c_w.l(_printf_longlong_dec.o)
    0x080008e8   0x080008e8   0x00000070   Code   RO         1766    .text               c_w.l(_printf_oct_int_ll.o)
    0x08000958   0x08000958   0x00000094   Code   RO         1786    .text               c_w.l(_printf_hex_int_ll_ptr.o)
    0x080009ec   0x080009ec   0x00000188   Code   RO         1806    .text               c_w.l(__printf_flags_ss_wp.o)
    0x08000b74   0x08000b74   0x00000064   Code   RO         1832    .text               c_w.l(rt_memcpy_w.o)
    0x08000bd8   0x08000bd8   0x0000008a   Code   RO         1864    .text               c_w.l(lludiv10.o)
    0x08000c62   0x08000c62   0x000000b2   Code   RO         1866    .text               c_w.l(_printf_intcommon.o)
    0x08000d14   0x08000d14   0x0000041c   Code   RO         1868    .text               c_w.l(_printf_fp_dec.o)
    0x08001130   0x08001130   0x000002fc   Code   RO         1872    .text               c_w.l(_printf_fp_hex.o)
    0x0800142c   0x0800142c   0x0000002c   Code   RO         1877    .text               c_w.l(_printf_char.o)
    0x08001458   0x08001458   0x0000002c   Code   RO         1879    .text               c_w.l(_printf_wchar.o)
    0x08001484   0x08001484   0x00000048   Code   RO         1882    .text               c_w.l(_c16rtomb.o)
    0x080014cc   0x080014cc   0x00000010   Code   RO         1886    .text               c_w.l(rt_ctype_table.o)
    0x080014dc   0x080014dc   0x00000008   Code   RO         1891    .text               c_w.l(rt_locale_intlibspace.o)
    0x080014e4   0x080014e4   0x00000080   Code   RO         1893    .text               c_w.l(_printf_fp_infnan.o)
    0x08001564   0x08001564   0x000000e4   Code   RO         1895    .text               c_w.l(bigflt0.o)
    0x08001648   0x08001648   0x00000012   Code   RO         1925    .text               c_w.l(exit.o)
    0x0800165a   0x0800165a   0x00000006   PAD
    0x08001660   0x08001660   0x0000007c   Code   RO         1962    .text               c_w.l(strcmpv8m_maindsp.o)
    0x080016dc   0x080016dc   0x0000000c   Code   RO         2015    .text               c_w.l(sys_exit.o)
    0x080016e8   0x080016e8   0x00000002   Code   RO         2019    .text               c_w.l(use_no_semi.o)
    0x080016ea   0x080016ea   0x00000000   Code   RO         2021    .text               c_w.l(indicate_semi.o)
    0x080016ea   0x080016ea   0x00000002   PAD
    0x080016ec   0x080016ec   0x0000010c   Code   RO         1699    .text.AD9833_Init   ad9833.o
    0x080017f8   0x080017f8   0x00000144   Code   RO         1701    .text.AD9833_SetFrequency  ad9833.o
    0x0800193c   0x0800193c   0x00000002   Code   RO          136    .text.BusFault_Handler  stm32h5xx_it.o
    0x0800193e   0x0800193e   0x00000002   PAD
    0x08001940   0x08001940   0x000001d2   Code   RO          339    .text.DMA_List_FindNode  stm32h5xx_hal_dma_ex.o
    0x08001b12   0x08001b12   0x00000002   PAD
    0x08001b14   0x08001b14   0x00000002   Code   RO          142    .text.DebugMon_Handler  stm32h5xx_it.o
    0x08001b16   0x08001b16   0x00000002   PAD
    0x08001b18   0x08001b18   0x00000006   Code   RO           15    .text.Error_Handler  main.o
    0x08001b1e   0x08001b1e   0x00000002   PAD
    0x08001b20   0x08001b20   0x0000000c   Code   RO          148    .text.GPDMA1_Channel0_IRQHandler  stm32h5xx_it.o
    0x08001b2c   0x08001b2c   0x0000000c   Code   RO          150    .text.GPDMA1_Channel1_IRQHandler  stm32h5xx_it.o
    0x08001b38   0x08001b38   0x000003c0   Code   RO          219    .text.HAL_ADC_ConfigChannel  stm32h5xx_hal_adc.o
    0x08001ef8   0x08001ef8   0x000001ea   Code   RO          167    .text.HAL_ADC_Init  stm32h5xx_hal_adc.o
    0x080020e2   0x080020e2   0x00000002   PAD
    0x080020e4   0x080020e4   0x00000160   Code   RO           37    .text.HAL_ADC_MspInit  adc.o
    0x08002244   0x08002244   0x00000174   Code   RO          331    .text.HAL_DMAEx_List_BuildNode  stm32h5xx_hal_dma_ex.o
    0x080023b8   0x080023b8   0x000000e2   Code   RO          323    .text.HAL_DMAEx_List_Init  stm32h5xx_hal_dma_ex.o
    0x0800249a   0x0800249a   0x00000002   PAD
    0x0800249c   0x0800249c   0x00000146   Code   RO          335    .text.HAL_DMAEx_List_InsertNode  stm32h5xx_hal_dma_ex.o
    0x080025e2   0x080025e2   0x00000002   PAD
    0x080025e4   0x080025e4   0x000000ae   Code   RO          375    .text.HAL_DMAEx_List_LinkQ  stm32h5xx_hal_dma_ex.o
    0x08002692   0x08002692   0x00000002   PAD
    0x08002694   0x08002694   0x00000116   Code   RO          367    .text.HAL_DMAEx_List_SetCircularMode  stm32h5xx_hal_dma_ex.o
    0x080027aa   0x080027aa   0x00000002   PAD
    0x080027ac   0x080027ac   0x0000003a   Code   RO          311    .text.HAL_DMA_ConfigChannelAttributes  stm32h5xx_hal_dma.o
    0x080027e6   0x080027e6   0x00000002   PAD
    0x080027e8   0x080027e8   0x000001a8   Code   RO          301    .text.HAL_DMA_IRQHandler  stm32h5xx_hal_dma.o
    0x08002990   0x08002990   0x00000242   Code   RO          287    .text.HAL_DMA_Init  stm32h5xx_hal_dma.o
    0x08002bd2   0x08002bd2   0x00000002   PAD
    0x08002bd4   0x08002bd4   0x00000028   Code   RO          797    .text.HAL_Delay     stm32h5xx_hal.o
    0x08002bfc   0x08002bfc   0x00000188   Code   RO          577    .text.HAL_GPIO_Init  stm32h5xx_hal_gpio.o
    0x08002d84   0x08002d84   0x0000000c   Code   RO          583    .text.HAL_GPIO_WritePin  stm32h5xx_hal_gpio.o
    0x08002d90   0x08002d90   0x0000000c   Code   RO          789    .text.HAL_GetTick   stm32h5xx_hal.o
    0x08002d9c   0x08002d9c   0x0000004a   Code   RO         1069    .text.HAL_I2CEx_ConfigAnalogFilter  stm32h5xx_hal_i2c_ex.o
    0x08002de6   0x08002de6   0x00000002   PAD
    0x08002de8   0x08002de8   0x00000048   Code   RO         1071    .text.HAL_I2CEx_ConfigDigitalFilter  stm32h5xx_hal_i2c_ex.o
    0x08002e30   0x08002e30   0x000000ae   Code   RO          915    .text.HAL_I2C_Init  stm32h5xx_hal_i2c.o
    0x08002ede   0x08002ede   0x00000002   PAD
    0x08002ee0   0x08002ee0   0x000001ae   Code   RO          923    .text.HAL_I2C_Master_Transmit  stm32h5xx_hal_i2c.o
    0x0800308e   0x0800308e   0x00000002   PAD
    0x08003090   0x08003090   0x00000098   Code   RO           63    .text.HAL_I2C_MspInit  i2c.o
    0x08003128   0x08003128   0x00000020   Code   RO         1087    .text.HAL_ICACHE_ConfigAssociativityMode  stm32h5xx_hal_icache.o
    0x08003148   0x08003148   0x00000014   Code   RO         1091    .text.HAL_ICACHE_Enable  stm32h5xx_hal_icache.o
    0x0800315c   0x0800315c   0x0000001a   Code   RO          787    .text.HAL_IncTick   stm32h5xx_hal.o
    0x08003176   0x08003176   0x00000002   PAD
    0x08003178   0x08003178   0x0000004c   Code   RO          777    .text.HAL_Init      stm32h5xx_hal.o
    0x080031c4   0x080031c4   0x000000a8   Code   RO          779    .text.HAL_InitTick  stm32h5xx_hal.o
    0x0800326c   0x0800326c   0x0000003e   Code   RO          767    .text.HAL_MPU_ConfigMemoryAttributes  stm32h5xx_hal_cortex.o
    0x080032aa   0x080032aa   0x00000002   PAD
    0x080032ac   0x080032ac   0x0000004c   Code   RO          765    .text.HAL_MPU_ConfigRegion  stm32h5xx_hal_cortex.o
    0x080032f8   0x080032f8   0x00000026   Code   RO          759    .text.HAL_MPU_Disable  stm32h5xx_hal_cortex.o
    0x0800331e   0x0800331e   0x00000002   PAD
    0x08003320   0x08003320   0x00000024   Code   RO          757    .text.HAL_MPU_Enable  stm32h5xx_hal_cortex.o
    0x08003344   0x08003344   0x00000002   Code   RO          159    .text.HAL_MspInit   stm32h5xx_hal_msp.o
    0x08003346   0x08003346   0x00000002   PAD
    0x08003348   0x08003348   0x00000022   Code   RO          727    .text.HAL_NVIC_EnableIRQ  stm32h5xx_hal_cortex.o
    0x0800336a   0x0800336a   0x00000002   PAD
    0x0800336c   0x0800336c   0x00000056   Code   RO          725    .text.HAL_NVIC_SetPriority  stm32h5xx_hal_cortex.o
    0x080033c2   0x080033c2   0x00000002   PAD
    0x080033c4   0x080033c4   0x00000020   Code   RO          723    .text.HAL_NVIC_SetPriorityGrouping  stm32h5xx_hal_cortex.o
    0x080033e4   0x080033e4   0x00000116   Code   RO         1127    .text.HAL_OPAMP_Init  stm32h5xx_hal_opamp.o
    0x080034fa   0x080034fa   0x00000002   PAD
    0x080034fc   0x080034fc   0x0000006a   Code   RO           86    .text.HAL_OPAMP_MspInit  opamp.o
    0x08003566   0x08003566   0x00000002   PAD
    0x08003568   0x08003568   0x000006a4   Code   RO          444    .text.HAL_RCCEx_PeriphCLKConfig  stm32h5xx_hal_rcc_ex.o
    0x08003c0c   0x08003c0c   0x0000025e   Code   RO          408    .text.HAL_RCC_ClockConfig  stm32h5xx_hal_rcc.o
    0x08003e6a   0x08003e6a   0x00000002   PAD
    0x08003e6c   0x08003e6c   0x0000012c   Code   RO          410    .text.HAL_RCC_GetSysClockFreq  stm32h5xx_hal_rcc.o
    0x08003f98   0x08003f98   0x00000642   Code   RO          404    .text.HAL_RCC_OscConfig  stm32h5xx_hal_rcc.o
    0x080045da   0x080045da   0x00000002   PAD
    0x080045dc   0x080045dc   0x000001aa   Code   RO         1164    .text.HAL_SPI_Init  stm32h5xx_hal_spi.o
    0x08004786   0x08004786   0x00000002   PAD
    0x08004788   0x08004788   0x000000ec   Code   RO          101    .text.HAL_SPI_MspInit  spi.o
    0x08004874   0x08004874   0x000002c4   Code   RO         1172    .text.HAL_SPI_Transmit  stm32h5xx_hal_spi.o
    0x08004b38   0x08004b38   0x00000076   Code   RO          749    .text.HAL_SYSTICK_CLKSourceConfig  stm32h5xx_hal_cortex.o
    0x08004bae   0x08004bae   0x00000002   PAD
    0x08004bb0   0x08004bb0   0x00000024   Code   RO          747    .text.HAL_SYSTICK_Config  stm32h5xx_hal_cortex.o
    0x08004bd4   0x08004bd4   0x00000038   Code   RO          751    .text.HAL_SYSTICK_GetCLKSourceConfig  stm32h5xx_hal_cortex.o
    0x08004c0c   0x08004c0c   0x00000076   Code   RO         1577    .text.HAL_TIMEx_MasterConfigSynchronization  stm32h5xx_hal_tim_ex.o
    0x08004c82   0x08004c82   0x00000002   PAD
    0x08004c84   0x08004c84   0x000000d6   Code   RO         1280    .text.HAL_TIM_Base_Init  stm32h5xx_hal_tim.o
    0x08004d5a   0x08004d5a   0x00000002   PAD
    0x08004d5c   0x08004d5c   0x0000002a   Code   RO          117    .text.HAL_TIM_Base_MspInit  tim.o
    0x08004d86   0x08004d86   0x00000002   PAD
    0x08004d88   0x08004d88   0x00000230   Code   RO         1462    .text.HAL_TIM_ConfigClockSource  stm32h5xx_hal_tim.o
    0x08004fb8   0x08004fb8   0x00000002   Code   RO          132    .text.HardFault_Handler  stm32h5xx_it.o
    0x08004fba   0x08004fba   0x00000002   PAD
    0x08004fbc   0x08004fbc   0x00000160   Code   RO         1059    .text.I2C_IsErrorOccurred  stm32h5xx_hal_i2c.o
    0x0800511c   0x0800511c   0x000000f8   Code   RO          925    .text.I2C_WaitOnFlagUntilTimeout  stm32h5xx_hal_i2c.o
    0x08005214   0x08005214   0x0000007c   Code   RO          929    .text.I2C_WaitOnSTOPFlagUntilTimeout  stm32h5xx_hal_i2c.o
    0x08005290   0x08005290   0x000000a6   Code   RO          927    .text.I2C_WaitOnTXISFlagUntilTimeout  stm32h5xx_hal_i2c.o
    0x08005336   0x08005336   0x00000002   PAD
    0x08005338   0x08005338   0x00000096   Code   RO           35    .text.MX_ADC1_Init  adc.o
    0x080053ce   0x080053ce   0x00000002   PAD
    0x080053d0   0x080053d0   0x00000044   Code   RO           52    .text.MX_GPDMA1_Init  gpdma.o
    0x08005414   0x08005414   0x00000088   Code   RO           26    .text.MX_GPIO_Init  gpio.o
    0x0800549c   0x0800549c   0x00000070   Code   RO           61    .text.MX_I2C2_Init  i2c.o
    0x0800550c   0x0800550c   0x00000022   Code   RO           76    .text.MX_ICACHE_Init  icache.o
    0x0800552e   0x0800552e   0x00000002   PAD
    0x08005530   0x08005530   0x0000003e   Code   RO           84    .text.MX_OPAMP1_Init  opamp.o
    0x0800556e   0x0800556e   0x00000002   PAD
    0x08005570   0x08005570   0x0000006a   Code   RO           99    .text.MX_SPI1_Init  spi.o
    0x080055da   0x080055da   0x00000002   PAD
    0x080055dc   0x080055dc   0x00000076   Code   RO          115    .text.MX_TIM2_Init  tim.o
    0x08005652   0x08005652   0x00000002   PAD
    0x08005654   0x08005654   0x00000002   Code   RO          134    .text.MemManage_Handler  stm32h5xx_it.o
    0x08005656   0x08005656   0x00000002   PAD
    0x08005658   0x08005658   0x00000002   Code   RO          130    .text.NMI_Handler   stm32h5xx_it.o
    0x0800565a   0x0800565a   0x00000002   PAD
    0x0800565c   0x0800565c   0x0000001a   Code   RO         1673    .text.OLED_Clear    oled.o
    0x08005676   0x08005676   0x00000002   PAD
    0x08005678   0x08005678   0x000001ae   Code   RO         1677    .text.OLED_DisplayFast  oled.o
    0x08005826   0x08005826   0x00000002   PAD
    0x08005828   0x08005828   0x000002c0   Code   RO         1671    .text.OLED_Init     oled.o
    0x08005ae8   0x08005ae8   0x00000052   Code   RO         1687    .text.OLED_Printf   oled.o
    0x08005b3a   0x08005b3a   0x00000002   PAD
    0x08005b3c   0x08005b3c   0x000002fc   Code   RO         1683    .text.OLED_ShowChar  oled.o
    0x08005e38   0x08005e38   0x0000003c   Code   RO         1685    .text.OLED_ShowString  oled.o
    0x08005e74   0x08005e74   0x00000002   Code   RO          144    .text.PendSV_Handler  stm32h5xx_it.o
    0x08005e76   0x08005e76   0x00000002   PAD
    0x08005e78   0x08005e78   0x000000ea   Code   RO          446    .text.RCCEx_PLL2_Config  stm32h5xx_hal_rcc_ex.o
    0x08005f62   0x08005f62   0x00000002   PAD
    0x08005f64   0x08005f64   0x000000d0   Code   RO         1174    .text.SPI_CloseTransfer  stm32h5xx_hal_spi.o
    0x08006034   0x08006034   0x00000002   Code   RO          140    .text.SVC_Handler   stm32h5xx_it.o
    0x08006036   0x08006036   0x00000002   PAD
    0x08006038   0x08006038   0x00000004   Code   RO          146    .text.SysTick_Handler  stm32h5xx_it.o
    0x0800603c   0x0800603c   0x000000be   Code   RO           13    .text.SystemClock_Config  main.o
    0x080060fa   0x080060fa   0x00000002   PAD
    0x080060fc   0x080060fc   0x000000ae   Code   RO         1656    .text.SystemInit    system_stm32h5xx.o
    0x080061aa   0x080061aa   0x00000002   PAD
    0x080061ac   0x080061ac   0x00000002   Code   RO          138    .text.UsageFault_Handler  stm32h5xx_it.o
    0x080061ae   0x080061ae   0x00000002   PAD
    0x080061b0   0x080061b0   0x000000dc   Code   RO           11    .text.main          main.o
    0x0800628c   0x0800628c   0x0000003e   Code   RO         1898    CL$$btod_d2e        c_w.l(btod.o)
    0x080062ca   0x080062ca   0x00000046   Code   RO         1900    CL$$btod_d2e_denorm_low  c_w.l(btod.o)
    0x08006310   0x08006310   0x00000060   Code   RO         1899    CL$$btod_d2e_norm_op1  c_w.l(btod.o)
    0x08006370   0x08006370   0x00000338   Code   RO         1908    CL$$btod_div_common  c_w.l(btod.o)
    0x080066a8   0x080066a8   0x000000dc   Code   RO         1905    CL$$btod_e2e        c_w.l(btod.o)
    0x08006784   0x08006784   0x0000002a   Code   RO         1902    CL$$btod_ediv       c_w.l(btod.o)
    0x080067ae   0x080067ae   0x0000002a   Code   RO         1901    CL$$btod_emul       c_w.l(btod.o)
    0x080067d8   0x080067d8   0x00000244   Code   RO         1907    CL$$btod_mult_common  c_w.l(btod.o)
    0x08006a1c   0x08006a1c   0x00000030   Code   RO         1940    i.__ARM_fpclassify  m_wm.l(fpclassify.o)
    0x08006a4c   0x08006a4c   0x0000000e   Code   RO         1799    i._is_digit         c_w.l(__printf_wp.o)
    0x08006a5a   0x08006a5a   0x00000002   PAD
    0x08006a5c   0x08006a5c   0x0000002c   Code   RO         1923    locale$$code        c_w.l(lc_numeric_c.o)
    0x08006a88   0x08006a88   0x0000002c   Code   RO         1956    locale$$code        c_w.l(lc_ctype_c.o)
    0x08006ab4   0x08006ab4   0x0000001a   Code   RO         2037    x$fpl$fpinit        fz_wm.l(fpinit.o)
    0x08006ace   0x08006ace   0x00000004   Code   RO         1834    x$fpl$printf1       fz_wm.l(printf1.o)
    0x08006ad2   0x08006ad2   0x00000004   Code   RO         1836    x$fpl$printf2       fz_wm.l(printf2.o)
    0x08006ad6   0x08006ad6   0x00000000   Code   RO         1939    x$fpl$usenofp       fz_wm.l(usenofp.o)
    0x08006ad6   0x08006ad6   0x00000002   PAD
    0x08006ad8   0x08006ad8   0x00000008   Data   RO         1758    .constdata          c_w.l(_printf_wctomb.o)
    0x08006ae0   0x08006ae0   0x00000028   Data   RO         1787    .constdata          c_w.l(_printf_hex_int_ll_ptr.o)
    0x08006b08   0x08006b08   0x00000011   Data   RO         1807    .constdata          c_w.l(__printf_flags_ss_wp.o)
    0x08006b19   0x08006b19   0x00000026   Data   RO         1873    .constdata          c_w.l(_printf_fp_hex.o)
    0x08006b3f   0x08006b3f   0x00000001   PAD
    0x08006b40   0x08006b40   0x00000094   Data   RO         1896    .constdata          c_w.l(bigflt0.o)
    0x08006bd4   0x08006bd4   0x00000010   Data   RO         1661    .rodata.AHBPrescTable  system_stm32h5xx.o
    0x08006be4   0x08006be4   0x00000240   Data   RO         1690    .rodata.Font6x8     oled.o
    0x08006e24   0x08006e24   0x00000020   Data   RO         2095    Region$$Table       anon$$obj.o
    0x08006e44   0x08006e44   0x0000001c   Data   RO         1922    locale$$data        c_w.l(lc_numeric_c.o)
    0x08006e60   0x08006e60   0x00000110   Data   RO         1955    locale$$data        c_w.l(lc_ctype_c.o)


    Execution Region RW_IRAM1 (Exec base: 0x20000000, Load base: 0x08006f70, Size: 0x00000f70, Max: 0x00008000, ABSOLUTE)

    Exec Addr    Load Addr    Size         Type   Attr      Idx    E Section Name        Object

    0x20000000   0x08006f70   0x00000008   Data   RW          876    .data..L_MergedGlobals  stm32h5xx_hal.o
    0x20000008   0x08006f78   0x00000004   Data   RW         1660    .data.SystemCoreClock  system_stm32h5xx.o
    0x2000000c   0x08006f7c   0x00000002   Data   RW         1712    .data.ad9833_ctrl   ad9833.o
    0x2000000e   0x08006f7e   0x00000002   PAD
    0x20000010        -       0x00000060   Zero   RW         1943    .bss                c_w.l(libspace.o)
    0x20000070        -       0x0000003c   Zero   RW           43    .bss..L_MergedGlobals  adc.o
    0x200000ac        -       0x00000400   Zero   RW         1689    .bss.OLED_Buffer    oled.o
    0x200004ac        -       0x00000001   Zero   RW         1711    .bss.ad9833_fsel    ad9833.o
    0x200004ad   0x08006f7e   0x00000003   PAD
    0x200004b0        -       0x00000068   Zero   RW           41    .bss.hadc1          adc.o
    0x20000518        -       0x00000078   Zero   RW          106    .bss.handle_GPDMA1_Channel0  spi.o
    0x20000590        -       0x00000078   Zero   RW           42    .bss.handle_GPDMA1_Channel1  adc.o
    0x20000608        -       0x00000054   Zero   RW           67    .bss.hi2c2          i2c.o
    0x2000065c        -       0x00000034   Zero   RW           90    .bss.hopamp1        opamp.o
    0x20000690        -       0x00000090   Zero   RW          105    .bss.hspi1          spi.o
    0x20000720        -       0x0000004c   Zero   RW          121    .bss.htim2          tim.o
    0x2000076c        -       0x00000004   Zero   RW          875    .bss.uwTick         stm32h5xx_hal.o
    0x20000770        -       0x00000800   Zero   RW            1    STACK               startup_stm32h503xx.o


==============================================================================

Image component sizes


      Code (inc. data)   RO Data    RW Data    ZI Data      Debug   Object Name

       592          0          0          2          1       3722   ad9833.o
       502          0          0          0        284      10021   adc.o
        68          0          0          0          0       4174   gpdma.o
       136          0          0          0          0       2988   gpio.o
       264          0          0          0         84       8147   i2c.o
        34          0          0          0          0        676   icache.o
       416         48          0          0          0       5127   main.o
      2066          0        576          0       1024       9836   oled.o
       168          0          0          0         52       4402   opamp.o
       342          0          0          0        264       8550   spi.o
        48         12        600          0       2048        888   startup_stm32h503xx.o
       322          0          0          8          4      12081   stm32h5xx_hal.o
      1450          0          0          0          0      28920   stm32h5xx_hal_adc.o
       574         22          0          0          0      13468   stm32h5xx_hal_cortex.o
      1060          0          0          0          0      10514   stm32h5xx_hal_dma.o
      1842          0          0          0          0      46414   stm32h5xx_hal_dma_ex.o
       404          0          0          0          0       5220   stm32h5xx_hal_gpio.o
      1494          0          0          0          0      63108   stm32h5xx_hal_i2c.o
       146          0          0          0          0       5843   stm32h5xx_hal_i2c_ex.o
        52          0          0          0          0       4069   stm32h5xx_hal_icache.o
         2          0          0          0          0        390   stm32h5xx_hal_msp.o
       278          0          0          0          0       5164   stm32h5xx_hal_opamp.o
      2508         16          0          0          0      12512   stm32h5xx_hal_rcc.o
      1934          0          0          0          0      18866   stm32h5xx_hal_rcc_ex.o
      1342          0          0          0          0      24995   stm32h5xx_hal_spi.o
       774          0          0          0          0      79291   stm32h5xx_hal_tim.o
       118          0          0          0          0      30322   stm32h5xx_hal_tim_ex.o
        44          0          0          0          0       3825   stm32h5xx_it.o
       174          0         16          4          0       5417   system_stm32h5xx.o
       160          0          0          0         76       7163   tim.o

    ----------------------------------------------------------------------
     19408         98       1224         16       3840     436113   Object Totals
         0          0         32          0          0          0   (incl. Generated)
        94          0          0          2          3          0   (incl. Padding)

    ----------------------------------------------------------------------

      Code (inc. data)   RO Data    RW Data    ZI Data      Debug   Library Member Name

         8          0          0          0          0         68   __main.o
       392          4         17          0          0         92   __printf_flags_ss_wp.o
        14          0          0          0          0         68   __printf_wp.o
         0          0          0          0          0          0   __rtentry.o
        12          0          0          0          0          0   __rtentry2.o
         8          4          0          0          0          0   __rtentry5.o
        94          8          0          0          0          0   __scatter.o
        26          0          0          0          0          0   __scatter_copy.o
        28          0          0          0          0          0   __scatter_zi.o
        72          0          0          0          0         96   _c16rtomb.o
         6          0          0          0          0          0   _printf_a.o
         6          0          0          0          0          0   _printf_c.o
        44          0          0          0          0        108   _printf_char.o
        48          6          0          0          0         96   _printf_char_common.o
        40          0          0          0          0         68   _printf_charcount.o
         6          0          0          0          0          0   _printf_d.o
       120         16          0          0          0         92   _printf_dec.o
         6          0          0          0          0          0   _printf_e.o
         6          0          0          0          0          0   _printf_f.o
      1052          0          0          0          0        148   _printf_fp_dec.o
       764          8         38          0          0        100   _printf_fp_hex.o
       128         16          0          0          0         84   _printf_fp_infnan.o
         6          0          0          0          0          0   _printf_g.o
       148          4         40          0          0        160   _printf_hex_int_ll_ptr.o
         6          0          0          0          0          0   _printf_i.o
       178          0          0          0          0         88   _printf_intcommon.o
        10          0          0          0          0          0   _printf_l.o
         6          0          0          0          0          0   _printf_lc.o
        10          0          0          0          0          0   _printf_ll.o
         6          0          0          0          0          0   _printf_lld.o
         6          0          0          0          0          0   _printf_lli.o
         6          0          0          0          0          0   _printf_llo.o
         6          0          0          0          0          0   _printf_llu.o
         6          0          0          0          0          0   _printf_llx.o
       124         16          0          0          0         92   _printf_longlong_dec.o
         6          0          0          0          0          0   _printf_ls.o
         6          0          0          0          0          0   _printf_n.o
         6          0          0          0          0          0   _printf_o.o
       112          8          0          0          0        124   _printf_oct_int_ll.o
         6          0          0          0          0          0   _printf_p.o
        78          0          0          0          0        108   _printf_pad.o
         0          0          0          0          0          0   _printf_percent.o
         4          0          0          0          0          0   _printf_percent_end.o
         6          0          0          0          0          0   _printf_s.o
        82          0          0          0          0         80   _printf_str.o
        36          0          0          0          0         84   _printf_truncate.o
         6          0          0          0          0          0   _printf_u.o
        44          0          0          0          0        108   _printf_wchar.o
       188          6          8          0          0         92   _printf_wctomb.o
         6          0          0          0          0          0   _printf_x.o
        16          0          0          0          0         68   _snputc.o
       228          4        148          0          0         96   bigflt0.o
      1936        128          0          0          0        668   btod.o
        18          0          0          0          0         80   exit.o
         6          0          0          0          0        152   heapauxi.o
         0          0          0          0          0          0   indicate_semi.o
        44         10        272          0          0         76   lc_ctype_c.o
        44         10         28          0          0         76   lc_numeric_c.o
         2          0          0          0          0          0   libinit.o
        34          0          0          0          0          0   libinit2.o
         2          0          0          0          0          0   libshutdown.o
         2          0          0          0          0          0   libshutdown2.o
         0          0          0          0         96          0   libspace.o
       138          0          0          0          0         80   lludiv10.o
       240          0          0          0          0        100   lludivv7m.o
        16          4          0          0          0         76   rt_ctype_table.o
         8          4          0          0          0         68   rt_locale_intlibspace.o
        78          0          0          0          0         80   rt_memclr_w.o
       138          0          0          0          0         68   rt_memcpy_v6.o
       100          0          0          0          0         80   rt_memcpy_w.o
         2          0          0          0          0          0   rtexit.o
        10          0          0          0          0          0   rtexit2.o
       124          0          0          0          0         88   strcmpv8m_maindsp.o
        12          4          0          0          0         68   sys_exit.o
         2          0          0          0          0         68   use_no_semi.o
        60          4          0          0          0         80   vsnprintf.o
        26          0          0          0          0        116   fpinit.o
         4          0          0          0          0        116   printf1.o
         4          0          0          0          0        116   printf2.o
         0          0          0          0          0          0   usenofp.o
        48          0          0          0          0        124   fpclassify.o

    ----------------------------------------------------------------------
      7344        264        552          0         96       4500   Library Totals
        18          0          1          0          0          0   (incl. Padding)

    ----------------------------------------------------------------------

      Code (inc. data)   RO Data    RW Data    ZI Data      Debug   Library Name

      7244        264        551          0         96       4028   c_w.l
        34          0          0          0          0        348   fz_wm.l
        48          0          0          0          0        124   m_wm.l

    ----------------------------------------------------------------------
      7344        264        552          0         96       4500   Library Totals

    ----------------------------------------------------------------------

==============================================================================


      Code (inc. data)   RO Data    RW Data    ZI Data      Debug   

     26752        362       1776         16       3936     437789   Grand Totals
     26752        362       1776         16       3936     437789   ELF Image Totals
     26752        362       1776         16          0          0   ROM Totals

==============================================================================

    Total RO  Size (Code + RO Data)                28528 (  27.86kB)
    Total RW  Size (RW Data + ZI Data)              3952 (   3.86kB)
    Total ROM Size (Code + RO Data + RW Data)      28544 (  27.88kB)

==============================================================================

