<html>
<body>
<pre>
<h1>µVision Build Log</h1>
<h2>Tool Versions:</h2>
IDE-Version: ¦ÌVision V5.43.1.0
Copyright (C) 2025 ARM Ltd and ARM Germany GmbH. All rights reserved.
License Information: 1 Aliceykr, 1, LIC=47GU5-GTKFT-12SLE-5ME4P-4NU0T-LFA36
 
Tool Versions:
Toolchain:       MDK-ARM Plus  Version: 5.43.0.0
Toolchain Path:  D:\Keil_v5\Core\ARM\ARMCLANG\Bin
C Compiler:      ArmClang.exe V6.24
Assembler:       Armasm.exe V6.24
Linker/Locator:  ArmLink.exe V6.24
Library Manager: ArmAr.exe V6.24
Hex Converter:   FromElf.exe V6.24
CPU DLL:         
Dialog DLL:      
Target DLL:      STLink\ST-LINKIII-KEIL_SWO.dll V3.3.1.0
Dialog DLL:      TCM.DLL V1.56.6.0
 
<h2>Project:</h2>
C:\Users\k1350\Desktop\µçÈü\2020\Base_2025_h503\MDK-ARM\Base_2025_h503.uvprojx
Project File Date:  06/18/2026

<h2>Output:</h2>
*** Using Compiler 'V6.24', folder: 'D:\Keil_v5\Core\ARM\ARMCLANG\Bin'
Rebuild target 'Base_2025_h503'
assembling startup_stm32h503xx.s...
compiling opamp.c...
compiling stm32h5xx_hal_icache.c...
compiling stm32h5xx_it.c...
compiling stm32h5xx_hal_msp.c...
compiling icache.c...
compiling stm32h5xx_hal_rcc_ex.c...
compiling i2c.c...
compiling stm32h5xx_hal_spi_ex.c...
compiling spi.c...
compiling stm32h5xx_hal_dma.c...
compiling stm32h5xx_hal_pwr.c...
compiling stm32h5xx_hal_opamp_ex.c...
compiling tim.c...
compiling stm32h5xx_hal_exti.c...
compiling gpdma.c...
compiling stm32h5xx_hal_gpio.c...
compiling main.c...
compiling stm32h5xx_hal_rcc.c...
compiling adc.c...
compiling stm32h5xx_hal_adc.c...
compiling stm32h5xx_hal_i2c_ex.c...
compiling stm32h5xx_hal_cortex.c...
compiling gpio.c...
compiling stm32h5xx_hal_pwr_ex.c...
compiling stm32h5xx_hal_opamp.c...
compiling system_stm32h5xx.c...
compiling stm32h5xx_hal_flash.c...
compiling stm32h5xx_hal.c...
compiling stm32h5xx_hal_flash_ex.c...
compiling stm32h5xx_hal_dma_ex.c...
compiling ad9833.c...
compiling stm32h5xx_hal_adc_ex.c...
compiling oled.c...
compiling stm32h5xx_hal_tim_ex.c...
compiling stm32h5xx_hal_spi.c...
compiling stm32h5xx_hal_i2c.c...
compiling stm32h5xx_hal_tim.c...
linking...
Program Size: Code=26492 RO-data=1776 RW-data=16 ZI-data=2912  
FromELF: creating hex file...
"Base_2025_h503\Base_2025_h503.axf" - 0 Error(s), 0 Warning(s).

<h2>Software Packages used:</h2>

Package Vendor: ARM
                https://www.keil.com/pack/ARM.CMSIS.6.3.0.pack
                ARM::CMSIS@6.3.0
                CMSIS (Common Microcontroller Software Interface Standard)
   * Component: CORE Version: 6.2.0

Package Vendor: Keil
                https://www.keil.com/pack/Keil.STM32H5xx_DFP.2.2.0.pack
                Keil::STM32H5xx_DFP@2.2.0
                STMicroelectronics STM32H5 Series Device Support

<h2>Collection of Component include folders:</h2>
  ./RTE/_Base_2025_h503
  D:/Keil_v5/Pack/ARM/CMSIS/6.3.0/CMSIS/Core/Include

<h2>Collection of Component Files used:</h2>

   * Component: ARM::CMSIS:CORE@6.2.0
      Include file:  CMSIS/Core/Include/tz_context.h
Build Time Elapsed:  00:00:02
</pre>
</body>
</html>
